ASxxxx Linker V03.00 + NoICE + sdld,  page 1.
Hexadecimal  [32-Bits]

Area                       Addr        Size        Decimal Bytes (Attributes)
--------------------       ----        ----        ------- ----- ------------
.  .ABS.               00000000    00000000 =           0. bytes (ABS,CON)

        Value  Global            Value  Global            Value  Global    
        -----  ------            -----  ------            -----  ------    
     00000000  .__.ABS.  |    00000000  _rRAMG    |    00000000  l__BASE  
     00000000  l__BSS    |    00000000  l__CABS   |    00000000  l__CODE_0
     00000000  l__DABS   |    00000000  l__FONT_H |    00000000  l__HEADER
     00000000  l__HEADER |    00000000  l__HEAP   |    00000000  l__HEAP_E
     00000000  l__HRAM   |    00000000  l__LIT    |    00000000  s__CABS  
     00000000  s__DABS   |    00000000  s__FONT_H |    00000000  s__FONT_H
     00000000  s__HEADER |    00000000  s__HEADER |    00000000  s__HEADER
     00000000  s__HEADER |    00000000  s__HEADER |    00000000  s__HEADER
     00000000  s__HEADER |    00000000  s__HEADER |    00000000  s__HEADER
     00000000  s__HEADER |    00000000  s__HEADER |    00000000  s__HEADER
     00000000  s__HEADER |    00000000  s__HEADER |    00000000  s__HEADER
     00000000  s__HEADER |    00000000  s__HEADER |    00000000  s__HEADER
     00000000  s__HEADER |    00000000  s__HEADER |    00000000  s__HEADER
     00000000  s__HRAM   |    00000000  s__HRAM12 |    00000001  l__GSFINA
     00000001  l__HEADER |    00000001  l__HEADER |    00000001  l__HEADER
     00000001  l__HEADER |    00000001  l__HEADER |    00000001  l__HEADER
     00000001  l__HEADER |    00000002  l__HEADER |    00000002  l__HEADER
     00000002  l__HEADER |    00000003  l__FONT_H |    00000003  l__HEADER
     00000003  l__HEADER |    00000003  l__HRAM12 |    00000005  l__HEADER
     00000006  l__HEADER |    00000006  l__INITIA |    00000006  l__INITIA
     00000007  l__HEADER |    00000008  l__HEADER |    0000000C  l__GSINIT
     00000030  l__HEADER |    0000004C  l__HEADER |    00000084  l__HEADER
     000000AD  l__DATA   |    00000200  s__CODE   |    00000A58  l__HOME  
     00002000  _rROMB0   |    00002649  l__CODE   |    00002849  s__HOME  
     00003000  _rROMB1   |    000032A1  s__BASE   |    000032A1  s__CODE_0
     000032A1  s__INITIA |    000032A1  s__LIT    |    000032A7  s__GSINIT
     000032B3  s__GSFINA |    00004000  _rRAMB    |    00008000  __VRAM   
     00008000  __VRAM800 |    00008800  __VRAM880 |    00009000  __VRAM900
     00009800  __SCRN0   |    00009C00  __SCRN1   |    0000A000  __SRAM   
     0000C000  __RAM     |    0000C000  _shadow_O |    0000C0A0  s__DATA  
     0000C14D  s__BSS    |    0000C14D  s__INITIA |    0000C153  s__HEAP  
     0000C153  s__HEAP_E |    0000D000  __RAMBANK |    0000E000  .STACK   
     0000FE00  __OAMRAM  |    0000FF00  _P1_REG   |    0000FF00  __IO     
     0000FF01  _SB_REG   |    0000FF02  _SC_REG   |    0000FF04  _DIV_REG 
     0000FF05  _TIMA_REG |    0000FF06  _TMA_REG  |    0000FF07  _TAC_REG 
     0000FF0F  _IF_REG   |    0000FF10  _NR10_REG |    0000FF11  _NR11_REG
     0000FF12  _NR12_REG |    0000FF13  _NR13_REG |    0000FF14  _NR14_REG
     0000FF16  _NR21_REG |    0000FF17  _NR22_REG |    0000FF18  _NR23_REG
     0000FF19  _NR24_REG |    0000FF1A  _NR30_REG |    0000FF1B  _NR31_REG
     0000FF1C  _NR32_REG |    0000FF1D  _NR33_REG |    0000FF1E  _NR34_REG
     0000FF20  _NR41_REG |    0000FF21  _NR42_REG |    0000FF22  _NR43_REG
     0000FF23  _NR44_REG |    0000FF24  _NR50_REG |    0000FF25  _NR51_REG
     0000FF26  _NR52_REG |    0000FF30  _AUD3WAVE |    0000FF30  _PCM_SAMP
     0000FF30  __AUD3WAV |    0000FF40  _LCDC_REG |    0000FF41  _STAT_REG
     0000FF42  _SCY_REG  |    0000FF43  _SCX_REG  |    0000FF44  _LY_REG  
     0000FF45  _LYC_REG  |    0000FF46  _DMA_REG  |    0000FF47  _BGP_REG 
     0000FF48  _OBP0_REG |    0000FF49  _OBP1_REG |    0000FF4A  _WY_REG  
     0000FF4B  _WX_REG   |    0000FF4D  _KEY1_REG |    0000FF4F  _VBK_REG 
     0000FF51  _HDMA1_RE |    0000FF52  _HDMA2_RE |    0000FF53  _HDMA3_RE
     0000FF54  _HDMA4_RE |    0000FF55  _HDMA5_RE |    0000FF56  _RP_REG  
ASxxxx Linker V03.00 + NoICE + sdld,  page 2.
Hexadecimal  [32-Bits]

Area                       Addr        Size        Decimal Bytes (Attributes)
--------------------       ----        ----        ------- ----- ------------
.  .ABS.               00000000    00000000 =           0. bytes (ABS,CON)

        Value  Global            Value  Global            Value  Global    
        -----  ------            -----  ------            -----  ------    
     0000FF68  _BCPS_REG |    0000FF69  _BCPD_REG |    0000FF6A  _OCPS_REG
     0000FF6B  _OCPD_REG |    0000FF70  _SVBK_REG |    0000FF76  _PCM12_RE
     0000FF77  _PCM34_RE |    0000FF80  .refresh_ |    0000FF80  __HRAM   
     0000FFFF  _IE_REG  
ASxxxx Linker V03.00 + NoICE + sdld,  page 3.
Hexadecimal  [32-Bits]

Area                       Addr        Size        Decimal Bytes (Attributes)
--------------------       ----        ----        ------- ----- ------------
_CODE                  00000200    00002649 =        9801. bytes (REL,CON)

        Value  Global            Value  Global            Value  Global    
        -----  ------            -----  ------            -----  ------    
     00000200  G$Backgro |    00000200  _Backgrou |    00000440  G$Backgro
     00000440  _Backgrou |    000004CE  G$Backgro |    000004CE  _Backgrou
     000005CE  G$Sprite1 |    000005CE  _Sprite1  |    000006AE  A$main$79
     000006AE  C$main.c$ |    000006AE  G$increme |    000006AE  _incremen
     000006B0  A$main$80 |    000006B2  A$main$81 |    000006B3  A$main$82
     000006B4  A$main$83 |    000006B5  A$main$84 |    000006B7  A$main$85
     000006B8  A$main$86 |    000006B9  A$main$87 |    000006BA  A$main$91
     000006BA  C$main.c$ |    000006BC  A$main$92 |    000006BE  A$main$93
     000006C0  A$main$94 |    000006C2  A$main$96 |    000006C4  A$main$97
     000006C6  A$main$98 |    000006C7  A$main$99 |    000006CA  A$main$10
     000006CA  C$main.c$ |    000006CB  A$main$10 |    000006CC  A$main$10
     000006CD  A$main$10 |    000006CE  A$main$10 |    000006CF  A$main$10
     000006D0  A$main$10 |    000006D1  A$main$11 |    000006D3  A$main$11
     000006D4  A$main$11 |    000006D5  A$main$11 |    000006D6  A$main$11
     000006D8  A$main$11 |    000006D9  A$main$11 |    000006DA  A$main$11
     000006DB  A$main$11 |    000006DD  A$main$11 |    000006DE  A$main$12
     000006DF  A$main$12 |    000006E0  A$main$12 |    000006E1  A$main$12
     000006E2  A$main$12 |    000006E4  A$main$12 |    000006E5  A$main$12
     000006E6  A$main$12 |    000006E8  A$main$12 |    000006E9  A$main$12
     000006EA  A$main$13 |    000006EB  A$main$13 |    000006EC  A$main$13
     000006EC  C$main.c$ |    000006EE  A$main$13 |    000006EF  A$main$13
     000006F2  A$main$14 |    000006F2  C$main.c$ |    000006F4  A$main$14
     000006F5  A$main$14 |    000006F6  A$main$14 |    000006F8  A$main$14
     000006F8  C$main.c$ |    000006FA  A$main$14 |    000006FB  A$main$15
     000006FC  A$main$15 |    000006FD  A$main$15 |    000006FF  A$main$15
     000006FF  C$main.c$ |    00000701  A$main$15 |    00000702  A$main$15
     00000703  A$main$15 |    00000705  A$main$16 |    00000706  A$main$16
     00000707  A$main$16 |    00000708  A$main$16 |    00000709  A$main$16
     0000070A  A$main$16 |    0000070B  A$main$16 |    0000070C  A$main$16
     0000070E  A$main$17 |    0000070E  C$main.c$ |    0000070F  A$main$17
     00000710  A$main$17 |    00000712  A$main$17 |    00000713  A$main$17
     00000714  A$main$17 |    00000715  A$main$17 |    00000716  A$main$17
     00000718  A$main$18 |    00000718  C$main.c$ |    0000071A  A$main$18
     0000071B  A$main$18 |    0000071D  A$main$18 |    0000071F  A$main$19
     0000071F  C$main.c$ |    00000720  A$main$19 |    00000722  A$main$19
     00000723  A$main$19 |    00000726  A$main$19 |    00000727  A$main$19
     00000728  A$main$20 |    00000729  A$main$20 |    0000072A  A$main$20
     0000072C  A$main$20 |    0000072D  A$main$20 |    0000072E  A$main$20
     0000072F  A$main$20 |    00000732  A$main$21 |    00000734  A$main$21
     00000734  C$main.c$ |    00000735  A$main$21 |    00000737  A$main$22
     00000737  C$main.c$ |    00000739  A$main$22 |    0000073A  A$main$22
     0000073B  A$main$22 |    0000073C  A$main$22 |    0000073D  A$main$22
     0000073E  A$main$22 |    00000740  A$main$22 |    00000741  A$main$22
     00000742  A$main$22 |    00000743  A$main$23 |    00000745  A$main$23
     00000746  A$main$23 |    00000747  A$main$23 |    00000748  A$main$23
     0000074A  A$main$23 |    0000074B  A$main$23 |    0000074C  A$main$23
     0000074D  A$main$23 |    0000074E  A$main$23 |    0000074F  A$main$24
     00000751  A$main$24 |    00000752  A$main$24 |    00000753  A$main$24
     00000754  A$main$24 |    00000755  A$main$24 |    00000756  A$main$24
     00000759  A$main$24 |    0000075A  A$main$24 |    0000075B  A$main$24
ASxxxx Linker V03.00 + NoICE + sdld,  page 4.
Hexadecimal  [32-Bits]

Area                       Addr        Size        Decimal Bytes (Attributes)
--------------------       ----        ----        ------- ----- ------------
_CODE                  00000200    00002649 =        9801. bytes (REL,CON)

        Value  Global            Value  Global            Value  Global    
        -----  ------            -----  ------            -----  ------    
     0000075C  A$main$25 |    0000075F  A$main$25 |    00000761  A$main$25
     00000762  A$main$25 |    00000762  C$main.c$ |    00000765  A$main$25
     00000767  A$main$25 |    00000768  A$main$25 |    00000769  A$main$26
     0000076A  A$main$26 |    0000076D  A$main$26 |    0000076F  A$main$26
     00000770  A$main$26 |    00000771  A$main$26 |    00000772  A$main$26
     00000772  C$main.c$ |    00000773  A$main$27 |    00000774  A$main$27
     00000775  A$main$27 |    00000778  A$main$27 |    00000778  C$main.c$
     0000077A  A$main$27 |    0000077B  A$main$27 |    0000077D  A$main$27
     0000077E  A$main$28 |    0000077F  A$main$28 |    00000780  A$main$28
     00000782  A$main$28 |    00000783  A$main$28 |    00000785  A$main$28
     00000786  A$main$28 |    00000787  A$main$28 |    00000788  A$main$28
     00000789  A$main$28 |    0000078B  A$main$29 |    0000078C  A$main$29
     0000078D  A$main$29 |    0000078E  A$main$29 |    00000790  A$main$29
     00000791  A$main$29 |    00000793  A$main$29 |    00000794  A$main$29
     00000795  A$main$29 |    00000796  A$main$29 |    00000797  A$main$30
     0000079A  A$main$30 |    0000079B  A$main$30 |    0000079C  A$main$30
     0000079D  A$main$30 |    0000079F  A$main$30 |    000007A0  A$main$30
     000007A1  A$main$30 |    000007A2  A$main$30 |    000007A4  A$main$30
     000007A5  A$main$31 |    000007A6  A$main$31 |    000007A7  A$main$31
     000007A8  A$main$31 |    000007A9  A$main$31 |    000007AA  A$main$31
     000007AB  A$main$31 |    000007AC  A$main$31 |    000007AD  A$main$31
     000007AE  A$main$31 |    000007B0  A$main$32 |    000007B1  A$main$32
     000007B2  A$main$32 |    000007B3  A$main$32 |    000007B4  A$main$32
     000007B5  A$main$32 |    000007B6  A$main$32 |    000007B9  A$main$32
     000007BB  A$main$33 |    000007BB  C$main.c$ |    000007BD  A$main$33
     000007BE  A$main$33 |    000007C0  A$main$33 |    000007C1  A$main$33
     000007C3  A$main$33 |    000007C4  A$main$33 |    000007C5  A$main$33
     000007C6  A$main$33 |    000007C7  A$main$34 |    000007C8  A$main$34
     000007C9  A$main$34 |    000007CA  A$main$34 |    000007CB  A$main$34
     000007CC  A$main$34 |    000007CE  A$main$34 |    000007CF  A$main$34
     000007D0  A$main$34 |    000007D1  A$main$34 |    000007D3  A$main$35
     000007D4  A$main$35 |    000007D6  A$main$35 |    000007D7  A$main$35
     000007D8  A$main$35 |    000007D9  A$main$35 |    000007DA  A$main$35
     000007DD  A$main$35 |    000007DE  A$main$35 |    000007DF  A$main$35
     000007E0  A$main$36 |    000007E2  A$main$36 |    000007E3  A$main$36
     000007E4  A$main$36 |    000007E5  A$main$36 |    000007E7  A$main$36
     000007E8  A$main$36 |    000007E9  A$main$36 |    000007EA  A$main$36
     000007EB  A$main$36 |    000007EC  A$main$37 |    000007ED  A$main$37
     000007EE  A$main$37 |    000007EF  A$main$37 |    000007F0  A$main$37
     000007F1  A$main$37 |    000007F3  A$main$37 |    000007F4  A$main$37
     000007F5  A$main$37 |    000007F6  A$main$37 |    000007F7  A$main$38
     000007F8  A$main$38 |    000007F9  A$main$38 |    000007FC  A$main$38
     000007FE  A$main$38 |    00000801  A$main$38 |    00000801  C$main.c$
     00000803  A$main$39 |    00000804  A$main$39 |    00000805  A$main$39
     00000806  A$main$39 |    00000807  A$main$39 |    00000808  A$main$39
     0000080A  A$main$39 |    0000080D  A$main$39 |    00000810  A$main$39
     00000812  A$main$39 |    00000813  A$main$40 |    00000814  A$main$40
     00000815  A$main$40 |    00000817  A$main$40 |    00000818  A$main$40
     00000819  A$main$40 |    0000081A  A$main$40 |    0000081B  A$main$40
     0000081C  A$main$40 |    0000081E  A$main$40 |    0000081F  A$main$41
     00000821  A$main$41 |    00000822  A$main$41 |    00000823  A$main$41
ASxxxx Linker V03.00 + NoICE + sdld,  page 5.
Hexadecimal  [32-Bits]

Area                       Addr        Size        Decimal Bytes (Attributes)
--------------------       ----        ----        ------- ----- ------------
_CODE                  00000200    00002649 =        9801. bytes (REL,CON)

        Value  Global            Value  Global            Value  Global    
        -----  ------            -----  ------            -----  ------    
     00000824  A$main$41 |    00000826  A$main$41 |    00000827  A$main$41
     00000829  A$main$41 |    0000082A  A$main$41 |    0000082B  A$main$41
     0000082D  A$main$42 |    0000082E  A$main$42 |    00000830  A$main$42
     00000831  A$main$42 |    00000833  A$main$42 |    00000834  A$main$42
     00000836  A$main$42 |    00000837  A$main$42 |    00000839  A$main$42
     0000083A  A$main$42 |    0000083B  A$main$43 |    0000083E  A$main$43
     0000083F  A$main$43 |    00000840  A$main$43 |    00000841  A$main$43
     00000843  A$main$43 |    00000844  A$main$43 |    00000845  A$main$43
     00000846  A$main$43 |    00000848  A$main$43 |    00000849  A$main$44
     0000084A  A$main$44 |    0000084B  A$main$44 |    0000084C  A$main$44
     0000084D  A$main$44 |    0000084E  A$main$44 |    0000084F  A$main$44
     00000850  A$main$44 |    00000851  A$main$44 |    00000852  A$main$44
     00000853  A$main$45 |    00000854  A$main$45 |    00000855  A$main$45
     00000856  A$main$45 |    00000857  A$main$45 |    00000858  A$main$45
     00000859  A$main$45 |    0000085A  A$main$45 |    0000085D  A$main$45
     0000085F  A$main$46 |    0000085F  C$main.c$ |    00000861  A$main$46
     00000862  A$main$46 |    00000863  A$main$46 |    00000864  A$main$46
     00000865  A$main$46 |    00000866  A$main$46 |    00000868  A$main$46
     0000086B  A$main$47 |    0000086E  A$main$47 |    00000870  A$main$47
     00000871  A$main$47 |    00000872  A$main$47 |    00000873  A$main$47
     00000875  A$main$47 |    00000876  A$main$47 |    00000877  A$main$47
     00000878  A$main$47 |    00000879  A$main$48 |    0000087A  A$main$48
     0000087C  A$main$48 |    0000087D  A$main$48 |    0000087F  A$main$48
     00000880  A$main$48 |    00000882  A$main$48 |    00000883  A$main$48
     00000884  A$main$48 |    00000885  A$main$48 |    00000886  A$main$49
     00000887  A$main$49 |    00000888  A$main$49 |    00000889  A$main$49
     0000088B  A$main$49 |    0000088C  A$main$49 |    0000088E  A$main$49
     0000088F  A$main$49 |    00000891  A$main$49 |    00000892  A$main$49
     00000894  A$main$50 |    00000895  A$main$50 |    00000897  A$main$50
     00000898  A$main$50 |    00000899  A$main$50 |    0000089A  A$main$50
     0000089B  A$main$50 |    0000089E  A$main$50 |    0000089F  A$main$50
     000008A0  A$main$50 |    000008A1  A$main$51 |    000008A3  A$main$51
     000008A4  A$main$51 |    000008A5  A$main$51 |    000008A6  A$main$51
     000008A8  A$main$51 |    000008A9  A$main$51 |    000008AA  A$main$51
     000008AB  A$main$51 |    000008AC  A$main$51 |    000008AD  A$main$52
     000008AE  A$main$52 |    000008AF  A$main$52 |    000008B0  A$main$52
     000008B1  A$main$52 |    000008B2  A$main$52 |    000008B3  A$main$52
     000008B4  A$main$52 |    000008B5  A$main$52 |    000008B6  A$main$52
     000008B7  A$main$53 |    000008B8  A$main$53 |    000008B9  A$main$53
     000008BA  A$main$53 |    000008BD  A$main$53 |    000008BF  A$main$53
     000008C2  A$main$54 |    000008C2  C$main.c$ |    000008C4  A$main$54
     000008C5  A$main$54 |    000008C6  A$main$54 |    000008C7  A$main$54
     000008C8  A$main$54 |    000008C9  A$main$54 |    000008CB  A$main$54
     000008CE  A$main$54 |    000008D1  A$main$54 |    000008D2  A$main$55
     000008D3  A$main$55 |    000008D5  A$main$55 |    000008D6  A$main$55
     000008D8  A$main$55 |    000008D9  A$main$55 |    000008DB  A$main$55
     000008DC  A$main$55 |    000008DD  A$main$55 |    000008DE  A$main$55
     000008E0  A$main$56 |    000008E1  A$main$56 |    000008E3  A$main$56
     000008E4  A$main$56 |    000008E5  A$main$56 |    000008E7  A$main$56
     000008E8  A$main$56 |    000008EA  A$main$56 |    000008EB  A$main$56
     000008ED  A$main$56 |    000008EE  A$main$57 |    000008F0  A$main$57
ASxxxx Linker V03.00 + NoICE + sdld,  page 6.
Hexadecimal  [32-Bits]

Area                       Addr        Size        Decimal Bytes (Attributes)
--------------------       ----        ----        ------- ----- ------------
_CODE                  00000200    00002649 =        9801. bytes (REL,CON)

        Value  Global            Value  Global            Value  Global    
        -----  ------            -----  ------            -----  ------    
     000008F1  A$main$57 |    000008F3  A$main$57 |    000008F4  A$main$57
     000008F5  A$main$57 |    000008F8  A$main$57 |    000008F9  A$main$57
     000008FA  A$main$57 |    000008FB  A$main$57 |    000008FD  A$main$58
     000008FE  A$main$58 |    000008FF  A$main$58 |    00000900  A$main$58
     00000902  A$main$58 |    00000903  A$main$58 |    00000904  A$main$58
     00000905  A$main$58 |    00000906  A$main$58 |    00000907  A$main$58
     00000908  A$main$59 |    00000909  A$main$59 |    0000090A  A$main$59
     0000090B  A$main$59 |    0000090C  A$main$59 |    0000090E  A$main$59
     0000090F  A$main$59 |    00000910  A$main$59 |    00000911  A$main$59
     00000913  A$main$59 |    00000914  A$main$60 |    00000915  A$main$60
     00000916  A$main$60 |    00000917  A$main$60 |    0000091A  A$main$60
     0000091C  A$main$60 |    0000091C  C$main.c$ |    0000091E  A$main$60
     0000091F  A$main$61 |    00000920  A$main$61 |    00000921  A$main$61
     00000922  A$main$61 |    00000923  A$main$61 |    00000925  A$main$61
     00000928  A$main$61 |    0000092B  A$main$61 |    0000092C  A$main$61
     0000092E  A$main$61 |    0000092F  A$main$62 |    00000930  A$main$62
     00000931  A$main$62 |    00000932  A$main$62 |    00000933  A$main$62
     00000934  A$main$62 |    00000935  A$main$62 |    00000936  A$main$62
     00000939  A$main$63 |    0000093A  A$main$63 |    0000093B  A$main$63
     0000093C  A$main$63 |    0000093D  A$main$63 |    0000093E  A$main$63
     0000093F  A$main$63 |    00000940  A$main$63 |    00000941  A$main$64
     00000944  A$main$64 |    00000946  A$main$64 |    00000946  C$main.c$
     00000948  A$main$65 |    00000948  C$main.c$ |    0000094A  A$main$65
     0000094B  A$main$65 |    0000094C  A$main$65 |    0000094E  A$main$65
     0000094F  A$main$65 |    00000952  A$main$66 |    00000952  C$main.c$
     00000954  A$main$66 |    00000955  A$main$66 |    00000956  A$main$66
     00000957  A$main$66 |    00000958  A$main$66 |    00000959  A$main$66
     0000095A  A$main$66 |    0000095B  A$main$66 |    0000095C  A$main$66
     0000095D  A$main$67 |    0000095E  A$main$67 |    0000095F  A$main$67
     00000960  A$main$67 |    00000962  A$main$67 |    00000963  A$main$67
     00000964  A$main$67 |    00000966  A$main$68 |    00000966  C$main.c$
     00000968  A$main$68 |    0000096A  A$main$68 |    0000096C  A$main$68
     0000096C  C$main.c$ |    0000096D  A$main$68 |    0000096F  A$main$68
     00000971  A$main$69 |    00000973  A$main$69 |    00000974  A$main$69
     00000975  A$main$69 |    00000976  A$main$69 |    00000978  A$main$69
     00000979  A$main$69 |    0000097B  A$main$69 |    0000097C  A$main$69
     0000097F  A$main$69 |    00000980  A$main$70 |    00000981  A$main$70
     00000982  A$main$70 |    00000983  A$main$70 |    00000984  A$main$70
     00000985  A$main$70 |    00000986  A$main$70 |    00000987  A$main$70
     00000988  A$main$70 |    0000098B  A$main$70 |    0000098C  A$main$71
     0000098E  A$main$71 |    0000098F  A$main$71 |    00000991  A$main$71
     00000992  A$main$71 |    00000993  A$main$71 |    00000994  A$main$71
     00000995  A$main$72 |    00000996  A$main$72 |    00000999  A$main$72
     0000099A  A$main$72 |    0000099B  A$main$72 |    0000099C  A$main$72
     0000099D  A$main$72 |    0000099E  A$main$73 |    0000099F  A$main$73
     000009A0  A$main$73 |    000009A1  A$main$73 |    000009A4  A$main$73
     000009A6  A$main$73 |    000009A6  C$main.c$ |    000009A8  A$main$73
     000009A9  A$main$74 |    000009AB  A$main$74 |    000009AB  C$main.c$
     000009AD  A$main$74 |    000009AE  A$main$74 |    000009AF  A$main$74
     000009B0  A$main$74 |    000009B1  A$main$75 |    000009B2  A$main$75
     000009B4  A$main$75 |    000009B5  A$main$75 |    000009B6  A$main$75
ASxxxx Linker V03.00 + NoICE + sdld,  page 7.
Hexadecimal  [32-Bits]

Area                       Addr        Size        Decimal Bytes (Attributes)
--------------------       ----        ----        ------- ----- ------------
_CODE                  00000200    00002649 =        9801. bytes (REL,CON)

        Value  Global            Value  Global            Value  Global    
        -----  ------            -----  ------            -----  ------    
     000009B7  A$main$75 |    000009B8  A$main$75 |    000009B8  C$main.c$
     000009BA  A$main$76 |    000009BB  A$main$76 |    000009BC  A$main$76
     000009BD  A$main$76 |    000009BE  A$main$76 |    000009BF  A$main$76
     000009C0  A$main$76 |    000009C1  A$main$76 |    000009C2  A$main$76
     000009C3  A$main$76 |    000009C4  A$main$77 |    000009C5  A$main$77
     000009C5  C$main.c$ |    000009C7  A$main$77 |    000009C8  A$main$77
     000009C9  A$main$77 |    000009CA  A$main$77 |    000009CB  A$main$77
     000009CC  A$main$78 |    000009CD  A$main$78 |    000009CE  A$main$78
     000009CF  A$main$78 |    000009D0  A$main$78 |    000009D1  A$main$78
     000009D2  A$main$78 |    000009D3  A$main$78 |    000009D4  A$main$78
     000009D7  A$main$79 |    000009D7  C$main.c$ |    000009D9  A$main$79
     000009DA  A$main$79 |    000009DB  A$main$79 |    000009DC  A$main$79
     000009DD  A$main$79 |    000009DE  A$main$79 |    000009DF  A$main$80
     000009E0  A$main$80 |    000009E1  A$main$80 |    000009E3  A$main$80
     000009E4  A$main$80 |    000009E5  A$main$80 |    000009E6  A$main$80
     000009E8  A$main$80 |    000009E9  A$main$80 |    000009EA  A$main$80
     000009EB  A$main$81 |    000009EC  A$main$81 |    000009ED  A$main$81
     000009EF  A$main$81 |    000009F0  A$main$81 |    000009F1  A$main$81
     000009F2  A$main$81 |    000009F3  A$main$81 |    000009F4  A$main$81
     000009F5  A$main$81 |    000009F6  A$main$82 |    000009F7  A$main$82
     000009F8  A$main$82 |    000009FA  A$main$82 |    000009FB  A$main$82
     000009FC  A$main$82 |    000009FD  A$main$82 |    000009FF  A$main$82
     00000A00  A$main$82 |    00000A01  A$main$82 |    00000A02  A$main$83
     00000A03  A$main$83 |    00000A04  A$main$83 |    00000A06  A$main$83
     00000A07  A$main$83 |    00000A09  A$main$83 |    00000A0A  A$main$83
     00000A0C  A$main$83 |    00000A0D  A$main$83 |    00000A0E  A$main$83
     00000A0F  A$main$84 |    00000A11  A$main$84 |    00000A11  C$main.c$
     00000A13  A$main$84 |    00000A14  A$main$84 |    00000A16  A$main$84
     00000A18  A$main$85 |    00000A18  C$main.c$ |    00000A19  A$main$85
     00000A1B  A$main$85 |    00000A1C  A$main$85 |    00000A1F  A$main$86
     00000A20  A$main$86 |    00000A21  A$main$86 |    00000A22  A$main$86
     00000A23  A$main$86 |    00000A24  A$main$86 |    00000A25  A$main$86
     00000A28  A$main$86 |    00000A29  A$main$86 |    00000A2A  A$main$87
     00000A2C  A$main$87 |    00000A2D  A$main$87 |    00000A2E  A$main$87
     00000A2F  A$main$87 |    00000A30  A$main$87 |    00000A31  A$main$87
     00000A34  A$main$87 |    00000A35  A$main$88 |    00000A36  A$main$88
     00000A37  A$main$88 |    00000A38  A$main$88 |    00000A39  A$main$88
     00000A3A  A$main$88 |    00000A3B  A$main$88 |    00000A3E  A$main$89
     00000A40  A$main$89 |    00000A40  C$main.c$ |    00000A41  A$main$89
     00000A43  A$main$90 |    00000A43  C$main.c$ |    00000A45  A$main$90
     00000A46  A$main$90 |    00000A47  A$main$90 |    00000A48  A$main$90
     00000A49  A$main$90 |    00000A4A  A$main$90 |    00000A4B  A$main$90
     00000A4C  A$main$90 |    00000A4D  A$main$90 |    00000A4E  A$main$91
     00000A4F  A$main$91 |    00000A4F  C$main.c$ |    00000A51  A$main$91
     00000A52  A$main$91 |    00000A53  A$main$91 |    00000A54  A$main$91
     00000A55  A$main$91 |    00000A56  A$main$92 |    00000A57  A$main$92
     00000A58  A$main$92 |    00000A59  A$main$92 |    00000A5A  A$main$92
     00000A5B  A$main$92 |    00000A5C  A$main$92 |    00000A5D  A$main$92
     00000A5E  A$main$92 |    00000A61  A$main$93 |    00000A61  C$main.c$
     00000A63  A$main$93 |    00000A64  A$main$93 |    00000A65  A$main$93
     00000A66  A$main$93 |    00000A69  A$main$93 |    00000A6A  A$main$93
ASxxxx Linker V03.00 + NoICE + sdld,  page 8.
Hexadecimal  [32-Bits]

Area                       Addr        Size        Decimal Bytes (Attributes)
--------------------       ----        ----        ------- ----- ------------
_CODE                  00000200    00002649 =        9801. bytes (REL,CON)

        Value  Global            Value  Global            Value  Global    
        -----  ------            -----  ------            -----  ------    
     00000A6B  A$main$94 |    00000A6C  A$main$94 |    00000A6E  A$main$94
     00000A6F  A$main$94 |    00000A70  A$main$94 |    00000A71  A$main$94
     00000A73  A$main$94 |    00000A74  A$main$94 |    00000A75  A$main$94
     00000A76  A$main$94 |    00000A77  A$main$95 |    00000A78  A$main$95
     00000A79  A$main$95 |    00000A7B  A$main$95 |    00000A7C  A$main$95
     00000A7D  A$main$95 |    00000A7E  A$main$95 |    00000A81  A$main$95
     00000A82  A$main$95 |    00000A83  A$main$95 |    00000A84  A$main$96
     00000A86  A$main$96 |    00000A87  A$main$96 |    00000A88  A$main$96
     00000A89  A$main$96 |    00000A8B  A$main$96 |    00000A8C  A$main$96
     00000A8D  A$main$96 |    00000A8E  A$main$96 |    00000A8F  A$main$96
     00000A90  A$main$97 |    00000A91  A$main$97 |    00000A93  A$main$97
     00000A94  A$main$97 |    00000A96  A$main$97 |    00000A97  A$main$97
     00000A99  A$main$97 |    00000A9B  A$main$97 |    00000A9C  A$main$98
     00000A9E  A$main$98 |    00000A9F  A$main$98 |    00000AA1  A$main$98
     00000AA1  C$main.c$ |    00000AA3  A$main$98 |    00000AA5  A$main$98
     00000AA7  A$main$99 |    00000AA7  C$main.c$ |    00000AA8  A$main$99
     00000AAA  A$main$99 |    00000AAC  A$main$99 |    00000AAE  A$main$99
     00000AAF  A$main$99 |    00000AB0  A$main$99 |    00000AB1  A$main$10
     00000AB3  A$main$10 |    00000AB4  A$main$10 |    00000AB6  A$main$10
     00000AB7  A$main$10 |    00000ABA  A$main$10 |    00000ABB  A$main$10
     00000ABC  A$main$10 |    00000ABD  A$main$10 |    00000ABE  A$main$10
     00000ABF  A$main$10 |    00000AC0  A$main$10 |    00000AC1  A$main$10
     00000AC2  A$main$10 |    00000AC3  A$main$10 |    00000AC6  A$main$10
     00000AC7  A$main$10 |    00000AC9  A$main$10 |    00000ACA  A$main$10
     00000ACC  A$main$10 |    00000ACD  A$main$10 |    00000ACE  A$main$10
     00000ACF  A$main$10 |    00000AD0  A$main$10 |    00000AD1  A$main$10
     00000AD4  A$main$10 |    00000AD5  A$main$10 |    00000AD6  A$main$10
     00000AD7  A$main$10 |    00000AD8  A$main$10 |    00000AD9  A$main$10
     00000ADA  A$main$10 |    00000ADB  A$main$10 |    00000ADC  A$main$10
     00000ADF  A$main$10 |    00000AE1  A$main$10 |    00000AE1  C$main.c$
     00000AE3  A$main$10 |    00000AE4  A$main$10 |    00000AE6  A$main$10
     00000AE6  C$main.c$ |    00000AE8  A$main$10 |    00000AE9  A$main$10
     00000AEA  A$main$10 |    00000AEB  A$main$10 |    00000AEC  A$main$10
     00000AED  A$main$10 |    00000AEE  A$main$10 |    00000AEF  A$main$10
     00000AF0  A$main$10 |    00000AF1  A$main$10 |    00000AF2  A$main$10
     00000AF2  C$main.c$ |    00000AF4  A$main$10 |    00000AF5  A$main$10
     00000AF6  A$main$10 |    00000AF7  A$main$10 |    00000AF7  C$main.c$
     00000AF7  C$main.c$ |    00000AF7  G$getBene |    00000AF7  _getBenea
     00000AF8  A$main$10 |    00000AF9  A$main$10 |    00000AFB  A$main$10
     00000AFC  A$main$10 |    00000AFE  A$main$10 |    00000AFF  A$main$10
     00000B01  A$main$10 |    00000B03  A$main$10 |    00000B05  A$main$10
     00000B08  A$main$10 |    00000B0B  A$main$11 |    00000B0B  C$main.c$
     00000B0B  C$main.c$ |    00000B0E  A$main$11 |    00000B0F  A$main$11
     00000B10  A$main$11 |    00000B11  A$main$11 |    00000B12  A$main$11
     00000B13  A$main$11 |    00000B14  A$main$11 |    00000B15  A$main$11
     00000B16  A$main$11 |    00000B19  A$main$11 |    00000B1A  A$main$11
     00000B1B  A$main$11 |    00000B1E  A$main$11 |    00000B1F  A$main$11
     00000B20  A$main$11 |    00000B21  A$main$11 |    00000B22  A$main$11
     00000B23  A$main$11 |    00000B24  A$main$11 |    00000B25  A$main$11
     00000B26  A$main$11 |    00000B27  A$main$11 |    00000B28  A$main$11
     00000B2B  A$main$11 |    00000B2C  A$main$11 |    00000B2D  A$main$11
ASxxxx Linker V03.00 + NoICE + sdld,  page 9.
Hexadecimal  [32-Bits]

Area                       Addr        Size        Decimal Bytes (Attributes)
--------------------       ----        ----        ------- ----- ------------
_CODE                  00000200    00002649 =        9801. bytes (REL,CON)

        Value  Global            Value  Global            Value  Global    
        -----  ------            -----  ------            -----  ------    
     00000B2E  A$main$11 |    00000B2F  A$main$11 |    00000B30  A$main$11
     00000B31  A$main$11 |    00000B32  A$main$11 |    00000B35  A$main$11
     00000B36  A$main$11 |    00000B37  A$main$11 |    00000B38  A$main$11
     00000B38  C$main.c$ |    00000B38  C$main.c$ |    00000B3B  A$main$11
     00000B3C  A$main$11 |    00000B3D  A$main$11 |    00000B3E  A$main$11
     00000B3F  A$main$11 |    00000B40  A$main$11 |    00000B41  A$main$11
     00000B42  A$main$11 |    00000B43  A$main$11 |    00000B46  A$main$11
     00000B47  A$main$11 |    00000B48  A$main$11 |    00000B4B  A$main$11
     00000B4C  A$main$11 |    00000B4D  A$main$11 |    00000B4E  A$main$11
     00000B4F  A$main$11 |    00000B50  A$main$11 |    00000B51  A$main$11
     00000B52  A$main$11 |    00000B53  A$main$11 |    00000B54  A$main$11
     00000B55  A$main$11 |    00000B56  A$main$11 |    00000B57  A$main$11
     00000B58  A$main$11 |    00000B59  A$main$11 |    00000B5A  A$main$11
     00000B5B  A$main$11 |    00000B5C  A$main$11 |    00000B5D  A$main$11
     00000B5E  A$main$11 |    00000B5F  A$main$11 |    00000B62  A$main$11
     00000B65  A$main$11 |    00000B66  A$main$11 |    00000B67  A$main$11
     00000B6A  A$main$11 |    00000B6B  A$main$11 |    00000B6C  A$main$11
     00000B6D  A$main$12 |    00000B6D  C$main.c$ |    00000B6D  C$main.c$
     00000B70  A$main$12 |    00000B71  A$main$12 |    00000B72  A$main$12
     00000B73  A$main$12 |    00000B74  A$main$12 |    00000B75  A$main$12
     00000B76  A$main$12 |    00000B77  A$main$12 |    00000B78  A$main$12
     00000B79  A$main$12 |    00000B7C  A$main$12 |    00000B7D  A$main$12
     00000B7E  A$main$12 |    00000B81  A$main$12 |    00000B82  A$main$12
     00000B83  A$main$12 |    00000B84  A$main$12 |    00000B85  A$main$12
     00000B86  A$main$12 |    00000B87  A$main$12 |    00000B88  A$main$12
     00000B89  A$main$12 |    00000B8A  A$main$12 |    00000B8B  A$main$12
     00000B8E  A$main$12 |    00000B8F  A$main$12 |    00000B90  A$main$12
     00000B91  A$main$12 |    00000B92  A$main$12 |    00000B93  A$main$12
     00000B94  A$main$12 |    00000B95  A$main$12 |    00000B98  A$main$12
     00000B99  A$main$12 |    00000B9A  A$main$12 |    00000B9B  A$main$12
     00000B9B  C$main.c$ |    00000B9B  C$main.c$ |    00000B9E  A$main$12
     00000B9F  A$main$12 |    00000BA0  A$main$12 |    00000BA1  A$main$12
     00000BA2  A$main$12 |    00000BA3  A$main$12 |    00000BA4  A$main$12
     00000BA5  A$main$12 |    00000BA6  A$main$12 |    00000BA7  A$main$12
     00000BAA  A$main$12 |    00000BAB  A$main$12 |    00000BAC  A$main$12
     00000BAF  A$main$12 |    00000BB0  A$main$12 |    00000BB1  A$main$12
     00000BB2  A$main$12 |    00000BB3  A$main$12 |    00000BB4  A$main$12
     00000BB5  A$main$12 |    00000BB6  A$main$12 |    00000BB7  A$main$12
     00000BB8  A$main$12 |    00000BB9  A$main$12 |    00000BBA  A$main$12
     00000BBB  A$main$12 |    00000BBC  A$main$12 |    00000BBD  A$main$12
     00000BBE  A$main$12 |    00000BBF  A$main$12 |    00000BC0  A$main$12
     00000BC1  A$main$12 |    00000BC2  A$main$12 |    00000BC3  A$main$12
     00000BC6  A$main$13 |    00000BC9  A$main$13 |    00000BCA  A$main$13
     00000BCB  A$main$13 |    00000BCC  A$main$13 |    00000BCD  A$main$13
     00000BD0  A$main$13 |    00000BD1  A$main$13 |    00000BD2  A$main$13
     00000BD3  A$main$13 |    00000BD3  C$main.c$ |    00000BD3  C$main.c$
     00000BD4  A$main$13 |    00000BD4  C$main.c$ |    00000BD4  XG$getBen
     00000BD5  A$main$13 |    00000BD5  C$main.c$ |    00000BD5  G$gravity
     00000BD5  _gravity  |    00000BD7  A$main$13 |    00000BD9  A$main$13
     00000BDA  A$main$13 |    00000BDB  A$main$13 |    00000BDC  A$main$13
     00000BDC  C$main.c$ |    00000BDE  A$main$13 |    00000BE0  A$main$13
ASxxxx Linker V03.00 + NoICE + sdld,  page 10.
Hexadecimal  [32-Bits]

Area                       Addr        Size        Decimal Bytes (Attributes)
--------------------       ----        ----        ------- ----- ------------
_CODE                  00000200    00002649 =        9801. bytes (REL,CON)

        Value  Global            Value  Global            Value  Global    
        -----  ------            -----  ------            -----  ------    
     00000BE0  C$main.c$ |    00000BE1  A$main$13 |    00000BE3  A$main$13
     00000BE4  A$main$13 |    00000BE5  A$main$13 |    00000BE6  A$main$13
     00000BE9  A$main$13 |    00000BEB  A$main$13 |    00000BEC  A$main$13
     00000BEE  A$main$13 |    00000BF0  A$main$13 |    00000BF1  A$main$13
     00000BF2  A$main$13 |    00000BF3  A$main$13 |    00000BF6  A$main$13
     00000BF8  A$main$13 |    00000BF9  A$main$13 |    00000BFB  A$main$13
     00000BFD  A$main$13 |    00000BFE  A$main$13 |    00000BFF  A$main$13
     00000C00  A$main$13 |    00000C03  A$main$13 |    00000C05  A$main$13
     00000C06  A$main$13 |    00000C08  A$main$13 |    00000C0A  A$main$13
     00000C0B  A$main$13 |    00000C0C  A$main$13 |    00000C0D  A$main$13
     00000C10  A$main$13 |    00000C12  A$main$13 |    00000C13  A$main$13
     00000C13  C$main.c$ |    00000C15  A$main$13 |    00000C16  A$main$13
     00000C17  A$main$13 |    00000C18  A$main$13 |    00000C1B  A$main$13
     00000C1C  A$main$13 |    00000C1D  A$main$13 |    00000C1E  A$main$13
     00000C1F  A$main$13 |    00000C21  A$main$13 |    00000C23  A$main$13
     00000C23  C$main.c$ |    00000C25  A$main$13 |    00000C26  A$main$13
     00000C27  A$main$14 |    00000C28  A$main$14 |    00000C29  A$main$14
     00000C2A  A$main$14 |    00000C2B  A$main$14 |    00000C2C  A$main$14
     00000C2E  A$main$14 |    00000C2E  C$main.c$ |    00000C30  A$main$14
     00000C32  A$main$14 |    00000C32  C$main.c$ |    00000C33  A$main$14
     00000C35  A$main$14 |    00000C37  A$main$14 |    00000C39  A$main$14
     00000C39  C$main.c$ |    00000C3A  A$main$14 |    00000C3B  A$main$14
     00000C3C  A$main$14 |    00000C3C  C$main.c$ |    00000C3E  A$main$14
     00000C3F  A$main$14 |    00000C40  A$main$14 |    00000C41  A$main$14
     00000C42  A$main$14 |    00000C43  A$main$14 |    00000C44  A$main$14
     00000C45  A$main$14 |    00000C46  A$main$14 |    00000C48  A$main$14
     00000C49  A$main$14 |    00000C4A  A$main$14 |    00000C4B  A$main$14
     00000C4D  A$main$14 |    00000C4E  A$main$14 |    00000C4F  A$main$14
     00000C50  A$main$14 |    00000C51  A$main$14 |    00000C52  A$main$14
     00000C53  A$main$14 |    00000C54  A$main$14 |    00000C55  A$main$14
     00000C56  A$main$14 |    00000C57  A$main$14 |    00000C58  A$main$14
     00000C59  A$main$14 |    00000C5B  A$main$14 |    00000C5C  A$main$14
     00000C5D  A$main$14 |    00000C5E  A$main$14 |    00000C61  A$main$14
     00000C62  A$main$14 |    00000C63  A$main$14 |    00000C64  A$main$14
     00000C66  A$main$14 |    00000C67  A$main$14 |    00000C68  A$main$14
     00000C69  A$main$14 |    00000C6B  A$main$14 |    00000C6C  A$main$14
     00000C6D  A$main$14 |    00000C6E  A$main$14 |    00000C6F  A$main$14
     00000C70  A$main$14 |    00000C71  A$main$14 |    00000C72  A$main$14
     00000C73  A$main$14 |    00000C74  A$main$14 |    00000C75  A$main$14
     00000C76  A$main$14 |    00000C77  A$main$14 |    00000C78  A$main$14
     00000C79  A$main$14 |    00000C7A  A$main$14 |    00000C7B  A$main$14
     00000C7C  A$main$14 |    00000C7E  A$main$14 |    00000C7F  A$main$14
     00000C80  A$main$14 |    00000C81  A$main$14 |    00000C83  A$main$14
     00000C84  A$main$14 |    00000C86  A$main$14 |    00000C87  A$main$14
     00000C88  A$main$14 |    00000C8A  A$main$14 |    00000C8B  A$main$14
     00000C8D  A$main$15 |    00000C8E  A$main$15 |    00000C90  A$main$15
     00000C92  A$main$15 |    00000C94  A$main$15 |    00000C96  A$main$15
     00000C97  A$main$15 |    00000C99  A$main$15 |    00000C9B  A$main$15
     00000C9D  A$main$15 |    00000C9E  A$main$15 |    00000CA1  A$main$15
     00000CA1  C$main.c$ |    00000CA3  A$main$15 |    00000CA4  A$main$15
     00000CA5  A$main$15 |    00000CA6  A$main$15 |    00000CA7  A$main$15
ASxxxx Linker V03.00 + NoICE + sdld,  page 11.
Hexadecimal  [32-Bits]

Area                       Addr        Size        Decimal Bytes (Attributes)
--------------------       ----        ----        ------- ----- ------------
_CODE                  00000200    00002649 =        9801. bytes (REL,CON)

        Value  Global            Value  Global            Value  Global    
        -----  ------            -----  ------            -----  ------    
     00000CA8  A$main$15 |    00000CA9  A$main$15 |    00000CAA  A$main$15
     00000CAB  A$main$15 |    00000CAC  A$main$15 |    00000CAD  A$main$15
     00000CAE  A$main$15 |    00000CAF  A$main$15 |    00000CB1  A$main$15
     00000CB1  C$main.c$ |    00000CB3  A$main$15 |    00000CB4  A$main$15
     00000CB6  A$main$15 |    00000CB7  A$main$15 |    00000CB9  A$main$15
     00000CBA  A$main$15 |    00000CBC  A$main$15 |    00000CBE  A$main$15
     00000CBF  A$main$15 |    00000CC1  A$main$15 |    00000CC3  A$main$15
     00000CC3  C$main.c$ |    00000CC5  A$main$15 |    00000CC7  A$main$15
     00000CC7  C$main.c$ |    00000CC9  A$main$15 |    00000CCA  A$main$15
     00000CCC  A$main$15 |    00000CCD  A$main$15 |    00000CCF  A$main$15
     00000CD0  A$main$15 |    00000CD2  A$main$15 |    00000CD4  A$main$15
     00000CD5  A$main$15 |    00000CD7  A$main$15 |    00000CD9  A$main$15
     00000CD9  C$main.c$ |    00000CDB  A$main$15 |    00000CDD  A$main$15
     00000CDD  C$main.c$ |    00000CDF  A$main$15 |    00000CE0  A$main$15
     00000CE1  A$main$15 |    00000CE3  A$main$15 |    00000CE5  A$main$15
     00000CE7  A$main$15 |    00000CE8  A$main$15 |    00000CE9  A$main$15
     00000CEB  A$main$15 |    00000CEC  A$main$15 |    00000CEE  A$main$15
     00000CEF  A$main$15 |    00000CF1  A$main$15 |    00000CF3  A$main$15
     00000CF5  A$main$15 |    00000CF7  A$main$15 |    00000CF8  A$main$15
     00000CFA  A$main$15 |    00000CFC  A$main$15 |    00000CFE  A$main$15
     00000CFF  A$main$15 |    00000D01  A$main$16 |    00000D01  C$main.c$
     00000D03  A$main$16 |    00000D04  A$main$16 |    00000D05  A$main$16
     00000D07  A$main$16 |    00000D07  C$main.c$ |    00000D09  A$main$16
     00000D0A  A$main$16 |    00000D0C  A$main$16 |    00000D0D  A$main$16
     00000D0F  A$main$16 |    00000D10  A$main$16 |    00000D12  A$main$16
     00000D14  A$main$16 |    00000D15  A$main$16 |    00000D17  A$main$16
     00000D19  A$main$16 |    00000D19  C$main.c$ |    00000D1B  A$main$16
     00000D1D  A$main$16 |    00000D1D  C$main.c$ |    00000D1F  A$main$16
     00000D20  A$main$16 |    00000D22  A$main$16 |    00000D23  A$main$16
     00000D25  A$main$16 |    00000D26  A$main$16 |    00000D28  A$main$16
     00000D2A  A$main$16 |    00000D2B  A$main$16 |    00000D2D  A$main$16
     00000D2F  A$main$16 |    00000D2F  C$main.c$ |    00000D31  A$main$16
     00000D33  A$main$16 |    00000D33  C$main.c$ |    00000D35  A$main$16
     00000D36  A$main$16 |    00000D37  A$main$16 |    00000D3A  A$main$16
     00000D3C  A$main$16 |    00000D3C  C$main.c$ |    00000D3D  A$main$16
     00000D3E  A$main$16 |    00000D41  A$main$16 |    00000D42  A$main$16
     00000D43  A$main$16 |    00000D44  A$main$16 |    00000D45  A$main$16
     00000D46  A$main$16 |    00000D47  A$main$16 |    00000D48  A$main$16
     00000D49  A$main$16 |    00000D4A  A$main$16 |    00000D4B  A$main$16
     00000D4C  A$main$16 |    00000D4D  A$main$16 |    00000D4E  A$main$16
     00000D4F  A$main$16 |    00000D51  A$main$16 |    00000D52  A$main$16
     00000D53  A$main$16 |    00000D54  A$main$16 |    00000D55  A$main$16
     00000D56  A$main$16 |    00000D57  A$main$16 |    00000D58  A$main$16
     00000D59  A$main$16 |    00000D5A  A$main$16 |    00000D5B  A$main$16
     00000D5D  A$main$16 |    00000D5F  A$main$16 |    00000D60  A$main$16
     00000D62  A$main$16 |    00000D63  A$main$16 |    00000D65  A$main$17
     00000D67  A$main$17 |    00000D69  A$main$17 |    00000D6B  A$main$17
     00000D6C  A$main$17 |    00000D6E  A$main$17 |    00000D70  A$main$17
     00000D72  A$main$17 |    00000D73  A$main$17 |    00000D75  A$main$17
     00000D75  C$main.c$ |    00000D77  A$main$17 |    00000D78  A$main$17
     00000D79  A$main$17 |    00000D7A  A$main$17 |    00000D7D  A$main$17
ASxxxx Linker V03.00 + NoICE + sdld,  page 12.
Hexadecimal  [32-Bits]

Area                       Addr        Size        Decimal Bytes (Attributes)
--------------------       ----        ----        ------- ----- ------------
_CODE                  00000200    00002649 =        9801. bytes (REL,CON)

        Value  Global            Value  Global            Value  Global    
        -----  ------            -----  ------            -----  ------    
     00000D7E  A$main$17 |    00000D7F  A$main$17 |    00000D80  A$main$17
     00000D81  A$main$17 |    00000D82  A$main$17 |    00000D83  A$main$17
     00000D84  A$main$17 |    00000D86  A$main$17 |    00000D87  A$main$17
     00000D88  A$main$17 |    00000D8A  A$main$17 |    00000D8B  A$main$17
     00000D8C  A$main$17 |    00000D8D  A$main$17 |    00000D8E  A$main$17
     00000D8F  A$main$17 |    00000D90  A$main$17 |    00000D91  A$main$17
     00000D94  A$main$17 |    00000D95  A$main$17 |    00000D96  A$main$17
     00000D97  A$main$17 |    00000D99  A$main$17 |    00000D9A  A$main$17
     00000D9B  A$main$17 |    00000D9C  A$main$17 |    00000D9E  A$main$17
     00000D9F  A$main$17 |    00000DA2  A$main$17 |    00000DA3  A$main$17
     00000DA4  A$main$17 |    00000DA5  A$main$17 |    00000DA8  A$main$17
     00000DA9  A$main$17 |    00000DAA  A$main$17 |    00000DAB  A$main$17
     00000DAD  A$main$17 |    00000DAD  C$main.c$ |    00000DAF  A$main$17
     00000DB0  A$main$17 |    00000DB1  A$main$17 |    00000DB2  A$main$17
     00000DB5  A$main$17 |    00000DB6  A$main$17 |    00000DB7  A$main$17
     00000DB8  A$main$17 |    00000DB9  A$main$17 |    00000DBA  A$main$17
     00000DBB  A$main$17 |    00000DBC  A$main$17 |    00000DBD  A$main$17
     00000DBE  A$main$17 |    00000DBF  A$main$17 |    00000DC2  A$main$17
     00000DC3  A$main$17 |    00000DC4  A$main$17 |    00000DC7  A$main$17
     00000DC8  A$main$17 |    00000DC9  A$main$17 |    00000DCA  A$main$17
     00000DCA  C$main.c$ |    00000DCC  A$main$17 |    00000DCD  A$main$17
     00000DCE  A$main$17 |    00000DCF  A$main$17 |    00000DD0  A$main$17
     00000DD2  A$main$17 |    00000DD3  A$main$17 |    00000DD4  A$main$17
     00000DD5  A$main$17 |    00000DD6  A$main$18 |    00000DD8  A$main$18
     00000DD9  A$main$18 |    00000DDA  A$main$18 |    00000DDB  A$main$18
     00000DDC  A$main$18 |    00000DDD  A$main$18 |    00000DDE  A$main$18
     00000DDF  A$main$18 |    00000DE0  A$main$18 |    00000DE1  A$main$18
     00000DE2  A$main$18 |    00000DE3  A$main$18 |    00000DE5  A$main$18
     00000DE6  A$main$18 |    00000DE7  A$main$18 |    00000DE8  A$main$18
     00000DE9  A$main$18 |    00000DEA  A$main$18 |    00000DEB  A$main$18
     00000DED  A$main$18 |    00000DEE  A$main$18 |    00000DEF  A$main$18
     00000DF0  A$main$18 |    00000DF2  A$main$18 |    00000DF3  A$main$18
     00000DF6  A$main$18 |    00000DF7  A$main$18 |    00000DF8  A$main$18
     00000DF9  A$main$18 |    00000DFC  A$main$18 |    00000DFE  A$main$18
     00000DFF  A$main$18 |    00000E00  A$main$18 |    00000E01  A$main$18
     00000E02  A$main$18 |    00000E05  A$main$18 |    00000E05  C$main.c$
     00000E07  A$main$18 |    00000E08  A$main$18 |    00000E09  A$main$18
     00000E0B  A$main$18 |    00000E0B  C$main.c$ |    00000E0D  A$main$18
     00000E0F  A$main$18 |    00000E10  A$main$18 |    00000E12  A$main$18
     00000E13  A$main$18 |    00000E16  A$main$18 |    00000E18  A$main$18
     00000E19  A$main$18 |    00000E1A  A$main$18 |    00000E1B  A$main$18
     00000E1C  A$main$18 |    00000E1D  A$main$18 |    00000E1E  A$main$18
     00000E1F  A$main$18 |    00000E22  A$main$18 |    00000E23  A$main$18
     00000E24  A$main$18 |    00000E27  A$main$18 |    00000E28  A$main$18
     00000E29  A$main$18 |    00000E29  C$main.c$ |    00000E2B  A$main$18
     00000E2C  A$main$18 |    00000E2D  A$main$18 |    00000E2E  A$main$18
     00000E30  A$main$18 |    00000E30  C$main.c$ |    00000E32  A$main$18
     00000E33  A$main$18 |    00000E34  A$main$18 |    00000E35  A$main$18
     00000E37  A$main$18 |    00000E3A  A$main$18 |    00000E3A  C$main.c$
     00000E3C  A$main$18 |    00000E3E  A$main$18 |    00000E3F  A$main$18
     00000E3F  C$main.c$ |    00000E40  A$main$18 |    00000E41  A$main$19
ASxxxx Linker V03.00 + NoICE + sdld,  page 13.
Hexadecimal  [32-Bits]

Area                       Addr        Size        Decimal Bytes (Attributes)
--------------------       ----        ----        ------- ----- ------------
_CODE                  00000200    00002649 =        9801. bytes (REL,CON)

        Value  Global            Value  Global            Value  Global    
        -----  ------            -----  ------            -----  ------    
     00000E44  A$main$19 |    00000E45  A$main$19 |    00000E46  A$main$19
     00000E47  A$main$19 |    00000E48  A$main$19 |    00000E49  A$main$19
     00000E4A  A$main$19 |    00000E4B  A$main$19 |    00000E4C  A$main$19
     00000E4D  A$main$19 |    00000E4F  A$main$19 |    00000E4F  C$main.c$
     00000E51  A$main$19 |    00000E52  A$main$19 |    00000E53  A$main$19
     00000E54  A$main$19 |    00000E57  A$main$19 |    00000E58  A$main$19
     00000E59  A$main$19 |    00000E5A  A$main$19 |    00000E5C  A$main$19
     00000E5D  A$main$19 |    00000E5E  A$main$19 |    00000E5F  A$main$19
     00000E61  A$main$19 |    00000E62  A$main$19 |    00000E63  A$main$19
     00000E64  A$main$19 |    00000E65  A$main$19 |    00000E66  A$main$19
     00000E67  A$main$19 |    00000E68  A$main$19 |    00000E69  A$main$19
     00000E6A  A$main$19 |    00000E6B  A$main$19 |    00000E6C  A$main$19
     00000E6D  A$main$19 |    00000E6E  A$main$19 |    00000E6F  A$main$19
     00000E70  A$main$19 |    00000E71  A$main$19 |    00000E72  A$main$19
     00000E73  A$main$19 |    00000E75  A$main$19 |    00000E76  A$main$19
     00000E77  A$main$19 |    00000E78  A$main$19 |    00000E7A  A$main$19
     00000E7B  A$main$19 |    00000E7E  A$main$19 |    00000E7F  A$main$19
     00000E80  A$main$19 |    00000E81  A$main$19 |    00000E84  A$main$19
     00000E86  A$main$19 |    00000E87  A$main$19 |    00000E88  A$main$19
     00000E89  A$main$19 |    00000E8B  A$main$19 |    00000E8C  A$main$19
     00000E8E  A$main$19 |    00000E8F  A$main$19 |    00000E90  A$main$19
     00000E91  A$main$19 |    00000E92  A$main$19 |    00000E92  C$main.c$
     00000E94  A$main$19 |    00000E95  A$main$19 |    00000E96  A$main$19
     00000E97  A$main$19 |    00000E99  A$main$19 |    00000E9B  A$main$19
     00000E9D  A$main$19 |    00000E9E  A$main$19 |    00000EA0  A$main$19
     00000EA1  A$main$19 |    00000EA2  A$main$19 |    00000EA3  A$main$19
     00000EA6  A$main$19 |    00000EA8  A$main$19 |    00000EA9  A$main$19
     00000EAA  A$main$19 |    00000EAB  A$main$19 |    00000EAE  A$main$19
     00000EB1  A$main$19 |    00000EB2  A$main$19 |    00000EB3  A$main$19
     00000EB3  C$main.c$ |    00000EB5  A$main$19 |    00000EB6  A$main$20
     00000EB7  A$main$20 |    00000EB8  A$main$20 |    00000EB9  A$main$20
     00000EBA  A$main$20 |    00000EBC  A$main$20 |    00000EBD  A$main$20
     00000EBE  A$main$20 |    00000EBF  A$main$20 |    00000EC0  A$main$20
     00000EC1  A$main$20 |    00000EC2  A$main$20 |    00000EC3  A$main$20
     00000EC4  A$main$20 |    00000EC5  A$main$20 |    00000EC6  A$main$20
     00000EC7  A$main$20 |    00000EC8  A$main$20 |    00000ECA  A$main$20
     00000ECA  C$main.c$ |    00000ECA  XG$gravit |    00000ECB  A$main$20
     00000ECB  C$main.c$ |    00000ECB  G$jump$0$ |    00000ECB  _jump    
     00000ECD  A$main$20 |    00000ECF  A$main$20 |    00000ED0  A$main$20
     00000ED1  A$main$20 |    00000ED2  A$main$20 |    00000ED3  A$main$20
     00000ED4  A$main$20 |    00000ED4  C$main.c$ |    00000ED5  A$main$20
     00000ED6  A$main$20 |    00000ED7  A$main$20 |    00000ED8  A$main$20
     00000EDB  A$main$20 |    00000EDC  A$main$20 |    00000EDD  A$main$20
     00000EDE  A$main$20 |    00000EDF  A$main$20 |    00000EE0  A$main$20
     00000EE1  A$main$20 |    00000EE1  C$main.c$ |    00000EE3  A$main$20
     00000EE3  C$main.c$ |    00000EE4  A$main$20 |    00000EE5  A$main$20
     00000EE7  A$main$20 |    00000EE8  A$main$20 |    00000EE9  A$main$20
     00000EEA  A$main$20 |    00000EED  A$main$20 |    00000EEE  A$main$20
     00000EF0  A$main$20 |    00000EF1  A$main$20 |    00000EF2  A$main$20
     00000EF4  A$main$20 |    00000EF6  A$main$20 |    00000EF7  A$main$20
     00000EF8  A$main$20 |    00000EF9  A$main$20 |    00000EFC  A$main$20
ASxxxx Linker V03.00 + NoICE + sdld,  page 14.
Hexadecimal  [32-Bits]

Area                       Addr        Size        Decimal Bytes (Attributes)
--------------------       ----        ----        ------- ----- ------------
_CODE                  00000200    00002649 =        9801. bytes (REL,CON)

        Value  Global            Value  Global            Value  Global    
        -----  ------            -----  ------            -----  ------    
     00000EFD  A$main$20 |    00000EFF  A$main$20 |    00000F00  A$main$20
     00000F01  A$main$20 |    00000F03  A$main$20 |    00000F05  A$main$20
     00000F06  A$main$20 |    00000F07  A$main$20 |    00000F08  A$main$20
     00000F0B  A$main$20 |    00000F0C  A$main$20 |    00000F0E  A$main$20
     00000F0F  A$main$20 |    00000F10  A$main$20 |    00000F12  A$main$20
     00000F14  A$main$20 |    00000F15  A$main$20 |    00000F16  A$main$20
     00000F17  A$main$21 |    00000F1A  A$main$21 |    00000F1B  A$main$21
     00000F1D  A$main$21 |    00000F1E  A$main$21 |    00000F1E  C$main.c$
     00000F20  A$main$21 |    00000F21  A$main$21 |    00000F22  A$main$21
     00000F23  A$main$21 |    00000F26  A$main$21 |    00000F27  A$main$21
     00000F28  A$main$21 |    00000F29  A$main$21 |    00000F2B  A$main$21
     00000F2C  A$main$21 |    00000F2D  A$main$21 |    00000F2E  A$main$21
     00000F30  A$main$21 |    00000F31  A$main$21 |    00000F32  A$main$21
     00000F33  A$main$21 |    00000F34  A$main$21 |    00000F35  A$main$21
     00000F37  A$main$21 |    00000F39  A$main$21 |    00000F39  C$main.c$
     00000F3B  A$main$21 |    00000F3C  A$main$21 |    00000F3D  A$main$21
     00000F3E  A$main$21 |    00000F3F  A$main$21 |    00000F40  A$main$21
     00000F41  A$main$21 |    00000F42  A$main$21 |    00000F43  A$main$21
     00000F45  A$main$21 |    00000F45  C$main.c$ |    00000F47  A$main$21
     00000F48  A$main$21 |    00000F4A  A$main$21 |    00000F4B  A$main$21
     00000F4D  A$main$21 |    00000F4E  A$main$21 |    00000F50  A$main$21
     00000F52  A$main$21 |    00000F54  A$main$21 |    00000F55  A$main$21
     00000F57  A$main$21 |    00000F59  A$main$21 |    00000F59  C$main.c$
     00000F5B  A$main$21 |    00000F5D  A$main$21 |    00000F5D  C$main.c$
     00000F5F  A$main$21 |    00000F60  A$main$21 |    00000F62  A$main$21
     00000F63  A$main$21 |    00000F65  A$main$21 |    00000F66  A$main$21
     00000F68  A$main$21 |    00000F6A  A$main$21 |    00000F6C  A$main$21
     00000F6D  A$main$21 |    00000F6F  A$main$21 |    00000F71  A$main$21
     00000F71  C$main.c$ |    00000F73  A$main$21 |    00000F75  A$main$21
     00000F75  C$main.c$ |    00000F77  A$main$21 |    00000F78  A$main$21
     00000F7A  A$main$21 |    00000F7B  A$main$21 |    00000F7D  A$main$21
     00000F7E  A$main$21 |    00000F80  A$main$21 |    00000F82  A$main$21
     00000F84  A$main$21 |    00000F85  A$main$21 |    00000F87  A$main$21
     00000F89  A$main$22 |    00000F89  C$main.c$ |    00000F8B  A$main$22
     00000F8B  C$main.c$ |    00000F8C  A$main$22 |    00000F8D  A$main$22
     00000F8F  A$main$22 |    00000F91  A$main$22 |    00000F92  A$main$22
     00000F93  A$main$22 |    00000F95  A$main$22 |    00000F95  C$main.c$
     00000F97  A$main$22 |    00000F98  A$main$22 |    00000F99  A$main$22
     00000F99  C$main.c$ |    00000F9A  A$main$22 |    00000F9B  A$main$22
     00000F9C  A$main$22 |    00000F9D  A$main$22 |    00000F9F  A$main$22
     00000FA0  A$main$22 |    00000FA1  A$main$22 |    00000FA2  A$main$22
     00000FA3  A$main$22 |    00000FA6  A$main$22 |    00000FA7  A$main$22
     00000FA9  A$main$22 |    00000FA9  C$main.c$ |    00000FAB  A$main$22
     00000FAC  A$main$22 |    00000FAD  A$main$22 |    00000FAE  A$main$22
     00000FAF  A$main$22 |    00000FB0  A$main$22 |    00000FB1  A$main$22
     00000FB1  C$main.c$ |    00000FB3  A$main$22 |    00000FB5  A$main$22
     00000FB5  C$main.c$ |    00000FB7  A$main$22 |    00000FB9  A$main$22
     00000FB9  C$main.c$ |    00000FBB  A$main$22 |    00000FBD  A$main$22
     00000FBD  C$main.c$ |    00000FBE  A$main$22 |    00000FC0  A$main$22
     00000FC0  C$main.c$ |    00000FC2  A$main$22 |    00000FC4  A$main$22
     00000FC6  A$main$22 |    00000FC6  C$main.c$ |    00000FC8  A$main$22
ASxxxx Linker V03.00 + NoICE + sdld,  page 15.
Hexadecimal  [32-Bits]

Area                       Addr        Size        Decimal Bytes (Attributes)
--------------------       ----        ----        ------- ----- ------------
_CODE                  00000200    00002649 =        9801. bytes (REL,CON)

        Value  Global            Value  Global            Value  Global    
        -----  ------            -----  ------            -----  ------    
     00000FC9  A$main$22 |    00000FCA  A$main$22 |    00000FCC  A$main$22
     00000FCD  A$main$22 |    00000FCE  A$main$22 |    00000FCF  A$main$22
     00000FD0  A$main$22 |    00000FD1  A$main$22 |    00000FD2  A$main$22
     00000FD3  A$main$22 |    00000FD5  A$main$22 |    00000FD6  A$main$22
     00000FD7  A$main$22 |    00000FD8  A$main$22 |    00000FDA  A$main$22
     00000FDA  C$main.c$ |    00000FDC  A$main$22 |    00000FDD  A$main$22
     00000FDE  A$main$22 |    00000FDF  A$main$22 |    00000FE2  A$main$23
     00000FE3  A$main$23 |    00000FE4  A$main$23 |    00000FE5  A$main$23
     00000FE6  A$main$23 |    00000FE8  A$main$23 |    00000FEA  A$main$23
     00000FEA  C$main.c$ |    00000FEC  A$main$23 |    00000FED  A$main$23
     00000FEE  A$main$23 |    00000FEF  A$main$23 |    00000FF0  A$main$23
     00000FF1  A$main$23 |    00000FF2  A$main$23 |    00000FF3  A$main$23
     00000FF4  A$main$23 |    00000FF5  A$main$23 |    00000FF6  A$main$23
     00000FF7  A$main$23 |    00000FF8  A$main$23 |    00000FFA  A$main$23
     00000FFC  A$main$23 |    00000FFD  A$main$23 |    00000FFE  A$main$23
     00000FFF  A$main$23 |    00001000  A$main$23 |    00001001  A$main$23
     00001003  A$main$23 |    00001005  A$main$23 |    00001007  A$main$23
     00001008  A$main$23 |    00001009  A$main$23 |    0000100A  A$main$23
     0000100B  A$main$23 |    0000100D  A$main$23 |    0000100D  C$main.c$
     0000100F  A$main$23 |    00001010  A$main$23 |    00001011  A$main$23
     00001012  A$main$23 |    00001013  A$main$23 |    00001014  A$main$23
     00001015  A$main$23 |    00001016  A$main$23 |    00001018  A$main$23
     00001018  C$main.c$ |    0000101A  A$main$23 |    0000101B  A$main$23
     0000101C  A$main$23 |    0000101D  A$main$23 |    0000101E  A$main$23
     00001020  A$main$23 |    00001021  A$main$23 |    00001022  A$main$23
     00001024  A$main$23 |    00001026  A$main$23 |    00001027  A$main$23
     00001028  A$main$23 |    00001029  A$main$23 |    0000102B  A$main$23
     0000102D  A$main$23 |    0000102F  A$main$23 |    00001030  A$main$23
     00001031  A$main$23 |    00001032  A$main$23 |    00001033  A$main$23
     00001035  A$main$23 |    00001035  C$main.c$ |    00001037  A$main$23
     00001038  A$main$23 |    00001039  A$main$23 |    0000103A  A$main$23
     0000103D  A$main$23 |    0000103D  C$main.c$ |    00001040  A$main$23
     00001042  A$main$23 |    00001043  A$main$23 |    00001044  A$main$23
     00001045  A$main$23 |    00001046  A$main$24 |    00001047  A$main$24
     00001048  A$main$24 |    00001049  A$main$24 |    0000104A  A$main$24
     0000104B  A$main$24 |    0000104C  A$main$24 |    0000104F  A$main$24
     00001050  A$main$24 |    00001051  A$main$24 |    00001052  A$main$24
     00001053  A$main$24 |    00001054  A$main$24 |    00001054  C$main.c$
     00001056  A$main$24 |    00001057  A$main$24 |    00001058  A$main$24
     00001059  A$main$24 |    0000105A  A$main$24 |    0000105B  A$main$24
     0000105C  A$main$24 |    0000105D  A$main$24 |    0000105E  A$main$24
     0000105F  A$main$24 |    00001060  A$main$24 |    00001061  A$main$24
     00001062  A$main$24 |    00001063  A$main$24 |    00001064  A$main$24
     00001064  C$main.c$ |    00001066  A$main$24 |    00001067  A$main$24
     00001068  A$main$24 |    00001069  A$main$24 |    0000106A  A$main$24
     0000106C  A$main$24 |    0000106D  A$main$24 |    0000106E  A$main$24
     00001070  A$main$24 |    00001072  A$main$24 |    00001074  A$main$24
     00001074  C$main.c$ |    00001076  A$main$24 |    00001077  A$main$24
     00001078  A$main$24 |    00001079  A$main$24 |    0000107C  A$main$24
     0000107D  A$main$24 |    0000107E  A$main$24 |    0000107F  A$main$24
     00001081  A$main$24 |    00001082  A$main$24 |    00001083  A$main$24
ASxxxx Linker V03.00 + NoICE + sdld,  page 16.
Hexadecimal  [32-Bits]

Area                       Addr        Size        Decimal Bytes (Attributes)
--------------------       ----        ----        ------- ----- ------------
_CODE                  00000200    00002649 =        9801. bytes (REL,CON)

        Value  Global            Value  Global            Value  Global    
        -----  ------            -----  ------            -----  ------    
     00001084  A$main$24 |    00001086  A$main$24 |    00001087  A$main$24
     00001088  A$main$24 |    00001089  A$main$24 |    0000108A  A$main$24
     0000108B  A$main$24 |    0000108D  A$main$24 |    0000108E  A$main$24
     0000108F  A$main$24 |    00001091  A$main$24 |    00001092  A$main$24
     00001093  A$main$24 |    00001094  A$main$24 |    00001095  A$main$24
     00001096  A$main$24 |    00001097  A$main$24 |    00001098  A$main$24
     0000109B  A$main$24 |    0000109C  A$main$24 |    0000109D  A$main$24
     0000109E  A$main$24 |    0000109F  A$main$24 |    000010A0  A$main$24
     000010A2  A$main$24 |    000010A3  A$main$24 |    000010A4  A$main$24
     000010A7  A$main$24 |    000010A8  A$main$24 |    000010A9  A$main$24
     000010AA  A$main$24 |    000010AD  A$main$24 |    000010B0  A$main$24
     000010B1  A$main$24 |    000010B2  A$main$24 |    000010B3  A$main$24
     000010B5  A$main$24 |    000010B6  A$main$24 |    000010B7  A$main$24
     000010B8  A$main$25 |    000010BA  A$main$25 |    000010BB  A$main$25
     000010BE  A$main$25 |    000010BF  A$main$25 |    000010C0  A$main$25
     000010C1  A$main$25 |    000010C4  A$main$25 |    000010C6  A$main$25
     000010C7  A$main$25 |    000010C8  A$main$25 |    000010C9  A$main$25
     000010CB  A$main$25 |    000010CC  A$main$25 |    000010CE  A$main$25
     000010CF  A$main$25 |    000010D0  A$main$25 |    000010D1  A$main$25
     000010D2  A$main$25 |    000010D4  A$main$25 |    000010D4  C$main.c$
     000010D6  A$main$25 |    000010D8  A$main$25 |    000010DA  A$main$25
     000010DA  C$main.c$ |    000010DC  A$main$25 |    000010DD  A$main$25
     000010DE  A$main$25 |    000010DF  A$main$25 |    000010E2  A$main$25
     000010E3  A$main$25 |    000010E4  A$main$25 |    000010E5  A$main$25
     000010E6  A$main$25 |    000010E7  A$main$25 |    000010E8  A$main$25
     000010E9  A$main$25 |    000010EA  A$main$25 |    000010EB  A$main$25
     000010EC  A$main$25 |    000010EF  A$main$25 |    000010F0  A$main$25
     000010F1  A$main$25 |    000010F4  A$main$25 |    000010F5  A$main$25
     000010F8  A$main$25 |    000010F9  A$main$25 |    000010FA  A$main$25
     000010FD  A$main$25 |    000010FE  A$main$25 |    000010FF  A$main$25
     00001102  A$main$25 |    00001103  A$main$25 |    00001104  A$main$25
     00001105  A$main$25 |    00001105  C$main.c$ |    00001107  A$main$25
     00001108  A$main$25 |    00001109  A$main$25 |    0000110A  A$main$25
     0000110B  A$main$25 |    0000110C  A$main$25 |    0000110D  A$main$25
     0000110E  A$main$25 |    0000110F  A$main$25 |    00001112  A$main$25
     00001115  A$main$25 |    00001118  A$main$25 |    00001119  A$main$25
     0000111A  A$main$25 |    0000111B  A$main$25 |    0000111E  A$main$25
     00001121  A$main$25 |    00001123  A$main$25 |    00001124  A$main$25
     00001125  A$main$25 |    00001126  A$main$25 |    00001127  A$main$25
     00001127  C$main.c$ |    00001129  A$main$25 |    0000112A  A$main$25
     0000112B  A$main$25 |    0000112C  A$main$26 |    0000112C  C$main.c$
     0000112C  G$scrollN |    0000112C  _scrollNe |    0000112D  A$main$26
     00001130  A$main$26 |    00001131  A$main$26 |    00001132  A$main$26
     00001133  A$main$26 |    00001134  A$main$26 |    00001135  A$main$26
     00001136  A$main$26 |    00001136  C$main.c$ |    00001136  C$main.c$
     00001136  XG$scroll |    00001137  A$main$26 |    00001137  C$main.c$
     00001137  G$spawnNe |    00001137  _spawnNei |    00001139  A$main$26
     0000113B  A$main$26 |    0000113C  A$main$26 |    0000113D  A$main$26
     0000113E  A$main$26 |    0000113F  A$main$26 |    00001140  A$main$26
     00001141  A$main$26 |    00001141  C$main.c$ |    00001143  A$main$26
     00001143  C$main.c$ |    00001145  A$main$26 |    00001145  C$main.c$
ASxxxx Linker V03.00 + NoICE + sdld,  page 17.
Hexadecimal  [32-Bits]

Area                       Addr        Size        Decimal Bytes (Attributes)
--------------------       ----        ----        ------- ----- ------------
_CODE                  00000200    00002649 =        9801. bytes (REL,CON)

        Value  Global            Value  Global            Value  Global    
        -----  ------            -----  ------            -----  ------    
     00001146  A$main$26 |    00001147  A$main$26 |    00001148  A$main$26
     0000114A  A$main$26 |    0000114A  C$main.c$ |    0000114B  A$main$26
     0000114C  A$main$26 |    0000114F  A$main$26 |    0000114F  C$main.c$
     00001152  A$main$26 |    00001154  A$main$26 |    00001157  A$main$26
     0000115A  A$main$26 |    0000115B  A$main$26 |    0000115C  A$main$26
     0000115D  A$main$26 |    00001160  A$main$26 |    00001161  A$main$26
     00001162  A$main$26 |    00001162  C$main.c$ |    00001164  A$main$26
     00001165  A$main$26 |    00001166  A$main$26 |    00001167  A$main$26
     00001168  A$main$26 |    0000116A  A$main$26 |    0000116A  C$main.c$
     0000116B  A$main$26 |    0000116C  A$main$26 |    0000116D  A$main$26
     0000116E  A$main$26 |    0000116F  A$main$26 |    00001170  A$main$26
     00001171  A$main$26 |    00001172  A$main$26 |    00001174  A$main$26
     00001176  A$main$26 |    00001177  A$main$27 |    00001178  A$main$27
     00001179  A$main$27 |    0000117A  A$main$27 |    0000117D  A$main$27
     0000117E  A$main$27 |    0000117F  A$main$27 |    00001180  A$main$27
     00001182  A$main$27 |    00001183  A$main$27 |    00001184  A$main$27
     00001185  A$main$27 |    00001187  A$main$27 |    00001188  A$main$27
     0000118A  A$main$27 |    0000118B  A$main$27 |    0000118C  A$main$27
     0000118D  A$main$27 |    0000118E  A$main$27 |    0000118F  A$main$27
     00001191  A$main$27 |    00001193  A$main$27 |    00001195  A$main$27
     00001197  A$main$27 |    00001199  A$main$27 |    0000119B  A$main$27
     0000119D  A$main$27 |    0000119F  A$main$27 |    000011A1  A$main$27
     000011A3  A$main$27 |    000011A4  A$main$27 |    000011A5  A$main$27
     000011A6  A$main$27 |    000011A6  C$main.c$ |    000011A8  A$main$27
     000011A8  C$main.c$ |    000011AA  A$main$27 |    000011AB  A$main$27
     000011AC  A$main$27 |    000011AE  A$main$27 |    000011AE  C$main.c$
     000011B0  A$main$27 |    000011B1  A$main$27 |    000011B3  A$main$27
     000011B4  A$main$27 |    000011B6  A$main$27 |    000011B6  C$main.c$
     000011B7  A$main$27 |    000011B8  A$main$27 |    000011B9  A$main$27
     000011BB  A$main$27 |    000011BC  A$main$27 |    000011BE  A$main$27
     000011BF  A$main$27 |    000011C0  A$main$27 |    000011C2  A$main$27
     000011C3  A$main$27 |    000011C4  A$main$27 |    000011C5  A$main$27
     000011C7  A$main$27 |    000011C8  A$main$27 |    000011C9  A$main$27
     000011CA  A$main$27 |    000011CB  A$main$27 |    000011CC  A$main$27
     000011CD  A$main$27 |    000011CE  A$main$27 |    000011CF  A$main$27
     000011D1  A$main$27 |    000011D2  A$main$27 |    000011D3  A$main$27
     000011D5  A$main$27 |    000011D7  A$main$27 |    000011D8  A$main$27
     000011D9  A$main$27 |    000011DA  A$main$27 |    000011DC  A$main$27
     000011DD  A$main$27 |    000011DE  A$main$27 |    000011DF  A$main$27
     000011E0  A$main$27 |    000011E1  A$main$27 |    000011E2  A$main$27
     000011E3  A$main$27 |    000011E4  A$main$27 |    000011E5  A$main$27
     000011E7  A$main$27 |    000011E8  A$main$28 |    000011E8  C$main.c$
     000011E9  A$main$28 |    000011EB  A$main$28 |    000011EC  A$main$28
     000011EC  C$main.c$ |    000011EF  A$main$28 |    000011EF  C$main.c$
     000011F0  A$main$28 |    000011F2  A$main$28 |    000011F2  C$main.c$
     000011F4  A$main$28 |    000011F5  A$main$28 |    000011F6  A$main$28
     000011F7  A$main$28 |    000011F7  C$main.c$ |    000011F9  A$main$28
     000011FA  A$main$28 |    000011FB  A$main$28 |    000011FD  A$main$28
     000011FE  A$main$28 |    00001200  A$main$28 |    00001201  A$main$28
     00001201  C$main.c$ |    00001203  A$main$28 |    00001204  A$main$28
     00001206  A$main$28 |    00001207  A$main$28 |    00001209  A$main$28
ASxxxx Linker V03.00 + NoICE + sdld,  page 18.
Hexadecimal  [32-Bits]

Area                       Addr        Size        Decimal Bytes (Attributes)
--------------------       ----        ----        ------- ----- ------------
_CODE                  00000200    00002649 =        9801. bytes (REL,CON)

        Value  Global            Value  Global            Value  Global    
        -----  ------            -----  ------            -----  ------    
     0000120A  A$main$28 |    0000120B  A$main$28 |    0000120C  A$main$28
     0000120D  A$main$28 |    0000120E  A$main$28 |    0000120F  A$main$28
     00001210  A$main$28 |    00001213  A$main$28 |    00001214  A$main$28
     00001217  A$main$28 |    00001219  A$main$28 |    0000121A  A$main$28
     0000121B  A$main$28 |    0000121C  A$main$28 |    0000121E  A$main$28
     0000121F  A$main$28 |    00001220  A$main$28 |    00001221  A$main$28
     00001224  A$main$28 |    00001225  A$main$28 |    00001226  A$main$28
     00001227  A$main$28 |    00001229  A$main$28 |    0000122B  A$main$28
     0000122C  A$main$28 |    0000122D  A$main$28 |    0000122E  A$main$28
     0000122F  A$main$28 |    00001230  A$main$28 |    00001231  A$main$28
     00001232  A$main$28 |    00001233  A$main$28 |    00001234  A$main$28
     00001235  A$main$28 |    00001236  A$main$28 |    00001237  A$main$28
     00001238  A$main$28 |    00001239  A$main$28 |    0000123B  A$main$28
     0000123C  A$main$28 |    0000123D  A$main$28 |    0000123E  A$main$28
     00001241  A$main$28 |    00001242  A$main$28 |    00001243  A$main$28
     00001244  A$main$28 |    00001245  A$main$28 |    00001246  A$main$29
     00001246  C$main.c$ |    00001248  A$main$29 |    00001248  C$main.c$
     00001248  XG$spawnN |    00001249  A$main$29 |    00001249  C$main.c$
     00001249  G$main$0$ |    00001249  _main     |    0000124B  A$main$29
     0000124B  C$main.c$ |    0000124D  A$main$29 |    0000124F  A$main$29
     00001250  A$main$29 |    00001251  A$main$29 |    00001254  A$main$29
     00001255  A$main$29 |    00001255  C$main.c$ |    00001257  A$main$29
     00001259  A$main$29 |    00001259  C$main.c$ |    0000125B  A$main$29
     0000125D  A$main$29 |    0000125E  A$main$29 |    00001260  A$main$29
     00001261  A$main$29 |    00001263  A$main$29 |    00001264  A$main$29
     00001265  A$main$29 |    00001266  A$main$29 |    00001268  A$main$29
     00001269  A$main$29 |    0000126A  A$main$29 |    0000126C  A$main$29
     0000126D  A$main$29 |    0000126E  A$main$29 |    00001270  A$main$29
     00001271  A$main$29 |    00001272  A$main$29 |    00001274  A$main$29
     00001275  A$main$29 |    00001277  A$main$29 |    00001278  A$main$29
     0000127A  A$main$29 |    0000127B  A$main$29 |    0000127C  A$main$29
     0000127D  A$main$29 |    0000127F  A$main$29 |    00001280  A$main$29
     00001281  A$main$29 |    00001283  A$main$29 |    00001284  A$main$29
     00001285  A$main$29 |    00001285  C$main.c$ |    00001287  A$main$29
     00001288  A$main$29 |    00001289  A$main$29 |    0000128A  A$main$29
     0000128B  A$main$29 |    0000128C  A$main$29 |    0000128D  A$main$29
     0000128D  C$main.c$ |    0000128E  A$main$29 |    0000128F  A$main$29
     00001290  A$main$29 |    00001291  A$main$29 |    00001292  A$main$29
     00001293  A$main$29 |    00001294  A$main$29 |    00001294  C$main.c$
     00001296  A$main$29 |    00001298  A$main$29 |    00001298  C$main.c$
     0000129A  A$main$29 |    0000129C  A$main$30 |    0000129C  C$main.c$
     0000129E  A$main$30 |    000012A0  A$main$30 |    000012A0  C$main.c$
     000012A2  A$main$30 |    000012A2  C$main.c$ |    000012A3  A$main$30
     000012A4  A$main$30 |    000012A5  A$main$30 |    000012A5  C$main.c$
     000012A7  A$main$30 |    000012A8  A$main$30 |    000012A8  C$main.c$
     000012AA  A$main$30 |    000012AB  A$main$30 |    000012AC  A$main$30
     000012AE  A$main$30 |    000012AE  C$main.c$ |    000012B0  A$main$30
     000012B0  C$main.c$ |    000012B1  A$main$30 |    000012B2  A$main$30
     000012B3  A$main$30 |    000012B3  C$main.c$ |    000012B5  A$main$30
     000012B7  A$main$30 |    000012B7  C$main.c$ |    000012B9  A$main$30
     000012BB  A$main$30 |    000012BB  C$main.c$ |    000012BE  A$main$30
ASxxxx Linker V03.00 + NoICE + sdld,  page 19.
Hexadecimal  [32-Bits]

Area                       Addr        Size        Decimal Bytes (Attributes)
--------------------       ----        ----        ------- ----- ------------
_CODE                  00000200    00002649 =        9801. bytes (REL,CON)

        Value  Global            Value  Global            Value  Global    
        -----  ------            -----  ------            -----  ------    
     000012BE  C$main.c$ |    000012C1  A$main$30 |    000012C2  A$main$30
     000012C5  A$main$30 |    000012C6  A$main$30 |    000012C6  C$main.c$
     000012C7  A$main$30 |    000012CA  A$main$30 |    000012CB  A$main$30
     000012CB  C$main.c$ |    000012CE  A$main$30 |    000012CF  A$main$30
     000012D2  A$main$30 |    000012D3  A$main$30 |    000012D6  A$main$30
     000012D8  A$main$30 |    000012D8  C$main.c$ |    000012DB  A$main$30
     000012DC  A$main$30 |    000012DF  A$main$30 |    000012E0  A$main$30
     000012E1  A$main$30 |    000012E2  A$main$30 |    000012E3  A$main$30
     000012E6  A$main$30 |    000012E8  A$main$30 |    000012E8  C$main.c$
     000012EA  A$main$30 |    000012EC  A$main$30 |    000012EE  A$main$30
     000012EE  C$main.c$ |    000012F1  A$main$30 |    000012F2  A$main$30
     000012F5  A$main$30 |    000012F6  A$main$30 |    000012F9  A$main$30
     000012FB  A$main$31 |    000012FE  A$main$31 |    00001300  A$main$31
     00001303  A$main$31 |    00001305  A$main$31 |    00001306  A$main$31
     00001308  A$main$31 |    00001308  C$main.c$ |    0000130B  A$main$31
     0000130C  A$main$31 |    0000130D  A$main$31 |    00001310  A$main$31
     00001311  A$main$31 |    00001312  A$main$31 |    00001313  A$main$31
     00001314  A$main$31 |    00001317  A$main$31 |    00001319  A$main$31
     0000131B  A$main$31 |    0000131D  A$main$31 |    0000131F  A$main$31
     00001321  A$main$31 |    00001321  C$main.c$ |    00001323  A$main$31
     00001324  A$main$31 |    00001326  A$main$31 |    00001328  A$main$31
     00001328  C$main.c$ |    00001329  A$main$31 |    0000132B  A$main$31
     0000132C  A$main$31 |    0000132D  A$main$31 |    0000132F  A$main$31
     00001330  A$main$31 |    00001331  A$main$31 |    00001333  A$main$31
     00001334  A$main$31 |    00001335  A$main$31 |    00001336  A$main$31
     00001337  A$main$31 |    00001338  A$main$31 |    00001339  A$main$31
     0000133A  A$main$31 |    0000133B  A$main$31 |    0000133D  A$main$31
     0000133E  A$main$31 |    0000133F  A$main$31 |    00001340  A$main$31
     00001341  A$main$31 |    00001344  A$main$31 |    00001345  A$main$31
     00001347  A$main$31 |    00001348  A$main$31 |    00001349  A$main$31
     0000134A  A$main$31 |    0000134B  A$main$31 |    0000134D  A$main$31
     0000134E  A$main$31 |    0000134F  A$main$31 |    00001350  A$main$31
     00001351  A$main$31 |    00001352  A$main$31 |    00001352  C$main.c$
     00001353  A$main$31 |    00001355  A$main$31 |    00001356  A$main$31
     00001357  A$main$31 |    00001358  A$main$31 |    00001359  A$main$31
     0000135A  A$main$31 |    0000135D  A$main$31 |    0000135E  A$main$31
     0000135F  A$main$31 |    00001361  A$main$31 |    00001362  A$main$31
     00001363  A$main$31 |    00001364  A$main$31 |    00001365  A$main$31
     00001366  A$main$31 |    00001367  A$main$31 |    00001368  A$main$32
     0000136B  A$main$32 |    0000136C  A$main$32 |    0000136D  A$main$32
     0000136E  A$main$32 |    0000136F  A$main$32 |    00001370  A$main$32
     00001370  C$main.c$ |    00001371  A$main$32 |    00001373  A$main$32
     00001373  C$main.c$ |    00001375  A$main$32 |    00001376  A$main$32
     00001377  A$main$32 |    00001378  A$main$32 |    0000137B  A$main$32
     0000137B  C$main.c$ |    0000137C  A$main$32 |    0000137C  C$main.c$
     0000137F  A$main$32 |    00001382  A$main$32 |    00001382  C$main.c$
     00001385  A$main$32 |    00001386  A$main$32 |    00001389  A$main$32
     0000138A  A$main$32 |    0000138B  A$main$32 |    0000138B  C$main.c$
     0000138D  A$main$32 |    0000138F  A$main$32 |    00001391  A$main$32
     00001391  C$main.c$ |    00001393  A$main$32 |    00001395  A$main$32
     00001397  A$main$32 |    00001397  C$main.c$ |    00001399  A$main$32
ASxxxx Linker V03.00 + NoICE + sdld,  page 20.
Hexadecimal  [32-Bits]

Area                       Addr        Size        Decimal Bytes (Attributes)
--------------------       ----        ----        ------- ----- ------------
_CODE                  00000200    00002649 =        9801. bytes (REL,CON)

        Value  Global            Value  Global            Value  Global    
        -----  ------            -----  ------            -----  ------    
     0000139B  A$main$32 |    0000139D  A$main$32 |    0000139D  C$main.c$
     0000139F  A$main$32 |    000013A1  A$main$32 |    000013A3  A$main$32
     000013A3  C$main.c$ |    000013A3  C$main.c$ |    000013A6  A$main$32
     000013A8  A$main$32 |    000013A9  A$main$32 |    000013AA  A$main$32
     000013AD  A$main$32 |    000013AD  C$main.c$ |    000013AE  A$main$32
     000013B0  A$main$32 |    000013B1  A$main$32 |    000013B3  A$main$32
     000013B3  C$main.c$ |    000013B5  A$main$32 |    000013B6  A$main$32
     000013B7  A$main$32 |    000013BA  A$main$32 |    000013BB  A$main$32
     000013BC  A$main$32 |    000013BD  A$main$32 |    000013C0  A$main$32
     000013C1  A$main$32 |    000013C2  A$main$32 |    000013C3  A$main$32
     000013C6  A$main$32 |    000013C6  C$main.c$ |    000013C7  A$main$33
     000013C9  A$main$33 |    000013CB  A$main$33 |    000013CC  A$main$33
     000013CE  A$main$33 |    000013CE  C$main.c$ |    000013D0  A$main$33
     000013D1  A$main$33 |    000013D2  A$main$33 |    000013D4  A$main$33
     000013D4  C$main.c$ |    000013D5  A$main$33 |    000013D5  C$main.c$
     000013D7  A$main$33 |    000013D8  A$main$33 |    000013DA  A$main$33
     000013DC  A$main$33 |    000013DC  C$main.c$ |    000013DE  A$main$33
     000013E0  A$main$33 |    000013E2  A$main$33 |    000013E2  C$main.c$
     000013E4  A$main$33 |    000013E4  C$main.c$ |    000013E5  A$main$33
     000013E6  A$main$33 |    000013E7  A$main$33 |    000013E7  C$main.c$
     000013E8  A$main$33 |    000013EA  A$main$33 |    000013EC  A$main$33
     000013ED  A$main$33 |    000013F0  A$main$33 |    000013F2  A$main$33
     000013F3  A$main$33 |    000013F5  A$main$33 |    000013F5  C$main.c$
     000013F7  A$main$33 |    000013F8  A$main$33 |    000013F9  A$main$33
     000013F9  C$main.c$ |    000013FB  A$main$33 |    000013FE  A$main$33
[...]
     000015AB  A$main$37 |    000015AC  A$main$37 |    000015AE  A$main$37
     000015AF  A$main$37 |    000015B2  A$main$37 |    000015B5  A$main$37
     000015B7  A$main$37 |    000015B8  A$main$37 |    000015B8  C$main.c$
     000015BA  A$main$37 |    000015BC  A$main$37 |    000015BD  A$main$37
     000015BE  A$main$37 |    000015C1  A$main$37 |    000015C2  A$main$37
     000015C4  A$main$37 |    000015C7  A$main$37 |    000015C9  A$main$37
     000015C9  C$main.c$ |    000015CB  A$main$37 |    000015CB  C$main.c$
     000015CD  A$main$37 |    000015CF  A$main$37 |    000015D2  A$main$37
     000015D4  A$main$37 |    000015D4  C$main.c$ |    000015D6  A$main$37
     000015D6  C$main.c$ |    000015D7  A$main$37 |    000015D8  A$main$37
     000015D9  A$main$37 |    000015D9  C$main.c$ |    000015DB  A$main$37
     000015DC  A$main$37 |    000015DD  A$main$37 |    000015DE  A$main$37
     000015DF  A$main$37 |    000015E2  A$main$37 |    000015E3  A$main$37
     000015E4  A$main$37 |    000015E5  A$main$37 |    000015E8  A$main$37
     000015E8  C$main.c$ |    000015EB  A$main$38 |    000015EE  A$main$38
     000015EE  C$main.c$ |    000015F0  A$main$38 |    000015F0  C$main.c$
     000015F0  XG$main$0 |    000015F1  Fdave_bgm |    000015F2  Fdave_bgm
     000016B2  Fdave_bgm |    00001772  Fdave_bgm |    00001832  Fdave_bgm
     000018F2  Fdave_bgm |    000019B2  Fdave_bgm |    00001A72  Fdave_bgm
     00001B32  Fdave_bgm |    00001B92  Fdave_bgm |    00001BF2  Fdave_bgm
     00001C52  Fdave_bgm |    00001CB2  Fdave_bgm |    00001CBA  Fdave_bgm
     00001CC2  Fdave_bgm |    00001CCA  Fdave_bgm |    00001CD2  Fdave_bgm
     00001D2C  Fdave_bgm |    00001D86  Fdave_bgm |    00001DE0  Fdave_bgm
     00001EE0  G$dave_bg |    00001EE0  _dave_bgm |    00001EF5  _hUGE_ini
     00001EF7  hUGE_init |    00001F4D  _hUGE_mut |    00001F4F  hUGE_mute
     0000219D  _hUGE_set |    0000219F  hUGE_set_ |    00002364  _hUGE_dos
     00002364  hUGE_doso |    00002690  _get_vram |    00002698  _get_win_
     000026A0  _get_bkg_ |    000026C7  _set_vram |    000026D6  _set_win_
     000026DE  _set_bkg_ |    00002708  _get_win_ |    00002710  _get_bkg_
     0000272F  ___memcpy |    0000272F  _memcpy   |    00002761  __divsuch
     00002767  __modsuch |    00002770  __divusch |    00002779  __modusch
     00002786  __divscha |    0000278B  __modscha |    00002792  __divsint
     0000279B  __modsint |    000027A7  __divucha |    000027AC  __moducha
     000027B3  __divuint |    000027BC  __moduint |    000027C8  .div8    
     000027C8  .mod8     |    000027D0  .div16    |    000027D0  .mod16   
     00002806  .divu8    |    00002806  .modu8    |    00002809  .divu16  
ASxxxx Linker V03.00 + NoICE + sdld,  page 23.
Hexadecimal  [32-Bits]

Area                       Addr        Size        Decimal Bytes (Attributes)
--------------------       ----        ----        ------- ----- ------------
_CODE                  00000200    00002649 =        9801. bytes (REL,CON)

        Value  Global            Value  Global            Value  Global    
        -----  ------            -----  ------            -----  ------    
     00002809  .modu16  
ASxxxx Linker V03.00 + NoICE + sdld,  page 24.
Hexadecimal  [32-Bits]

Area                       Addr        Size        Decimal Bytes (Attributes)
--------------------       ----        ----        ------- ----- ------------
_HEADER0               00000000    00000001 =           1. bytes (ABS,CON)

        Value  Global            Value  Global            Value  Global    
        -----  ------            -----  ------            -----  ------    
     00000020  .call_hl 
ASxxxx Linker V03.00 + NoICE + sdld,  page 25.
Hexadecimal  [32-Bits]

Area                       Addr        Size        Decimal Bytes (Attributes)
--------------------       ----        ----        ------- ----- ------------
_HEADER1               00000000    00000005 =           5. bytes (ABS,CON)

        Value  Global            Value  Global            Value  Global    
        -----  ------            -----  ------            -----  ------    
     00000028  .MemsetSm
ASxxxx Linker V03.00 + NoICE + sdld,  page 26.
Hexadecimal  [32-Bits]

Area                       Addr        Size        Decimal Bytes (Attributes)
--------------------       ----        ----        ------- ----- ------------
_HEADER2               00000000    00000007 =           7. bytes (ABS,CON)

        Value  Global            Value  Global            Value  Global    
        -----  ------            -----  ------            -----  ------    
     00000030  .MemcpySm
ASxxxx Linker V03.00 + NoICE + sdld,  page 27.
Hexadecimal  [32-Bits]

Area                       Addr        Size        Decimal Bytes (Attributes)
--------------------       ----        ----        ------- ----- ------------
_HEADER3               00000000    00000008 =           8. bytes (ABS,CON)

        Value  Global            Value  Global            Value  Global    
        -----  ------            -----  ------            -----  ------    
ASxxxx Linker V03.00 + NoICE + sdld,  page 28.
Hexadecimal  [32-Bits]

Area                       Addr        Size        Decimal Bytes (Attributes)
--------------------       ----        ----        ------- ----- ------------
_HEADER4               00000000    0000004C =          76. bytes (ABS,CON)

        Value  Global            Value  Global            Value  Global    
        -----  ------            -----  ------            -----  ------    
     00000080  .int      |    0000008F  _wait_int |    0000009C  __standar
     000000AC  _refresh_
ASxxxx Linker V03.00 + NoICE + sdld,  page 29.
Hexadecimal  [32-Bits]

Area                       Addr        Size        Decimal Bytes (Attributes)
--------------------       ----        ----        ------- ----- ------------
_HEADER5               00000000    00000002 =           2. bytes (ABS,CON)

        Value  Global            Value  Global            Value  Global    
        -----  ------            -----  ------            -----  ------    
ASxxxx Linker V03.00 + NoICE + sdld,  page 30.
Hexadecimal  [32-Bits]

Area                       Addr        Size        Decimal Bytes (Attributes)
--------------------       ----        ----        ------- ----- ------------
_HEADER6               00000000    00000030 =          48. bytes (ABS,CON)

        Value  Global            Value  Global            Value  Global    
        -----  ------            -----  ------            -----  ------    
ASxxxx Linker V03.00 + NoICE + sdld,  page 31.
Hexadecimal  [32-Bits]

Area                       Addr        Size        Decimal Bytes (Attributes)
--------------------       ----        ----        ------- ----- ------------
_HEADER7               00000000    00000006 =           6. bytes (ABS,CON)

        Value  Global            Value  Global            Value  Global    
        -----  ------            -----  ------            -----  ------    
ASxxxx Linker V03.00 + NoICE + sdld,  page 32.
Hexadecimal  [32-Bits]

Area                       Addr        Size        Decimal Bytes (Attributes)
--------------------       ----        ----        ------- ----- ------------
_HEADER8               00000000    00000003 =           3. bytes (ABS,CON)

        Value  Global            Value  Global            Value  Global    
        -----  ------            -----  ------            -----  ------    
ASxxxx Linker V03.00 + NoICE + sdld,  page 33.
Hexadecimal  [32-Bits]

Area                       Addr        Size        Decimal Bytes (Attributes)
--------------------       ----        ----        ------- ----- ------------
_HEADER9               00000000    00000001 =           1. bytes (ABS,CON)

        Value  Global            Value  Global            Value  Global    
        -----  ------            -----  ------            -----  ------    
ASxxxx Linker V03.00 + NoICE + sdld,  page 34.
Hexadecimal  [32-Bits]

Area                       Addr        Size        Decimal Bytes (Attributes)
--------------------       ----        ----        ------- ----- ------------
_HEADERa               00000000    00000001 =           1. bytes (ABS,CON)

        Value  Global            Value  Global            Value  Global    
        -----  ------            -----  ------            -----  ------    
ASxxxx Linker V03.00 + NoICE + sdld,  page 35.
Hexadecimal  [32-Bits]

Area                       Addr        Size        Decimal Bytes (Attributes)
--------------------       ----        ----        ------- ----- ------------
_HEADERb               00000000    00000001 =           1. bytes (ABS,CON)

        Value  Global            Value  Global            Value  Global    
        -----  ------            -----  ------            -----  ------    
ASxxxx Linker V03.00 + NoICE + sdld,  page 36.
Hexadecimal  [32-Bits]

Area                       Addr        Size        Decimal Bytes (Attributes)
--------------------       ----        ----        ------- ----- ------------
_HEADERc               00000000    00000002 =           2. bytes (ABS,CON)

        Value  Global            Value  Global            Value  Global    
        -----  ------            -----  ------            -----  ------    
ASxxxx Linker V03.00 + NoICE + sdld,  page 37.
Hexadecimal  [32-Bits]

Area                       Addr        Size        Decimal Bytes (Attributes)
--------------------       ----        ----        ------- ----- ------------
_HEADERd               00000000    00000001 =           1. bytes (ABS,CON)

        Value  Global            Value  Global            Value  Global    
        -----  ------            -----  ------            -----  ------    
ASxxxx Linker V03.00 + NoICE + sdld,  page 38.
Hexadecimal  [32-Bits]

Area                       Addr        Size        Decimal Bytes (Attributes)
--------------------       ----        ----        ------- ----- ------------
_HEADERe               00000000    00000001 =           1. bytes (ABS,CON)

        Value  Global            Value  Global            Value  Global    
        -----  ------            -----  ------            -----  ------    
ASxxxx Linker V03.00 + NoICE + sdld,  page 39.
Hexadecimal  [32-Bits]

Area                       Addr        Size        Decimal Bytes (Attributes)
--------------------       ----        ----        ------- ----- ------------
_HEADERf               00000000    00000002 =           2. bytes (ABS,CON)

        Value  Global            Value  Global            Value  Global    
        -----  ------            -----  ------            -----  ------    
ASxxxx Linker V03.00 + NoICE + sdld,  page 40.
Hexadecimal  [32-Bits]

Area                       Addr        Size        Decimal Bytes (Attributes)
--------------------       ----        ----        ------- ----- ------------
_HEADER10              00000000    00000084 =         132. bytes (ABS,CON)

        Value  Global            Value  Global            Value  Global    
        -----  ------            -----  ------            -----  ------    
     00000150  .reset    |    00000150  _reset    |    00000157  .code_sta
     000001B9  _exit     |    000001BD  _set_inte
ASxxxx Linker V03.00 + NoICE + sdld,  page 41.
Hexadecimal  [32-Bits]

Area                       Addr        Size        Decimal Bytes (Attributes)
--------------------       ----        ----        ------- ----- ------------
_HEADER11              00000000    00000001 =           1. bytes (ABS,CON)

        Value  Global            Value  Global            Value  Global    
        -----  ------            -----  ------            -----  ------    
ASxxxx Linker V03.00 + NoICE + sdld,  page 42.
Hexadecimal  [32-Bits]

Area                       Addr        Size        Decimal Bytes (Attributes)
--------------------       ----        ----        ------- ----- ------------
_HOME                  00002849    00000A58 =        2648. bytes (REL,CON)

        Value  Global            Value  Global            Value  Global    
        -----  ------            -----  ------            -----  ------    
     00002849  .memset_s |    00002852  .memcpy_s |    0000286F  .remove_V
     00002872  .remove_i |    0000288F  .add_VBL  |    00002892  .add_int 
     0000289D  .wait_vbl |    0000289D  _wait_vbl |    000028AD  .display_
     000028AD  _display_ |    000028C5  _remove_V |    000028D0  _add_VBL 
     000028DB  _font_loa |    000028E2  font_load |    0000292A  font_copy
     00002960  font_set  |    0000296D  .put_char |    00002985  .out_char
     0000298B  .del_char |    000029E1  _putchar  |    000029EA  _setchar 
     000029F3  _font_loa |    00002A01  _font_set |    00002A10  _font_ini
     00002A2F  .cls      |    00002A2F  _cls      |    00002A51  _gotoxy  
     00002A5C  _posx     |    00002A6D  _posy     |    00002A95  .cr_curs 
     00002AAA  .adv_curs |    00002B06  .tmode    |    00002B2F  .tmode_ou
     00002B38  _rand     |    00002B38  _randw    |    00002B63  _initrand
     00002B65  .initrand |    00002B6E  _set_bkg_ |    00002B6E  _set_win_
     00002B76  _set_spri |    00002BCE  _set_win_ |    00002BE2  _set_tile
     00002BE7  _set_bkg_ |    00002BE7  _set_win_ |    00002BEF  _set_spri
     00002C1F  .padup    |    00002C1F  _waitpadu |    00002C2F  .jpad    
     00002C2F  _joypad   |    00002C57  _waitpad  |    00002C58  .wait_pad
     00002C5F  _color    |    00002C5F  _set_1bpp |    00002C6E  .drawing_
     00002C79  .drawing_ |    00002CB5  _add_LCD  |    00002CC0  .add_LCD 
     00002CC6  _remove_L |    00002CD1  .remove_L |    00002CD7  _font_ibm
     00003089  _font_min |    00003233  _set_bkg_ |    00003247  .set_xy_w
     00003250  .set_xy_b |    0000325F  .set_xy_t
ASxxxx Linker V03.00 + NoICE + sdld,  page 43.
Hexadecimal  [32-Bits]

Area                       Addr        Size        Decimal Bytes (Attributes)
--------------------       ----        ----        ------- ----- ------------
_INITIALIZER           000032A1    00000006 =           6. bytes (REL,CON)

        Value  Global            Value  Global            Value  Global    
        -----  ------            -----  ------            -----  ------    
ASxxxx Linker V03.00 + NoICE + sdld,  page 44.
Hexadecimal  [32-Bits]

Area                       Addr        Size        Decimal Bytes (Attributes)
--------------------       ----        ----        ------- ----- ------------
_GSINIT                000032A7    0000000C =          12. bytes (REL,CON)

        Value  Global            Value  Global            Value  Global    
        -----  ------            -----  ------            -----  ------    
     000032A7  gsinit   
ASxxxx Linker V03.00 + NoICE + sdld,  page 45.
Hexadecimal  [32-Bits]

Area                       Addr        Size        Decimal Bytes (Attributes)
--------------------       ----        ----        ------- ----- ------------
_GSFINAL               000032B3    00000001 =           1. bytes (REL,CON)

        Value  Global            Value  Global            Value  Global    
        -----  ------            -----  ------            -----  ------    
ASxxxx Linker V03.00 + NoICE + sdld,  page 46.
Hexadecimal  [32-Bits]

Area                       Addr        Size        Decimal Bytes (Attributes)
--------------------       ----        ----        ------- ----- ------------
_DATA                  0000C0A0    000000AD =         173. bytes (REL,CON)

        Value  Global            Value  Global            Value  Global    
        -----  ------            -----  ------            -----  ------    
     0000C0A0  __cpu     |    0000C0A1  __is_GBA  |    0000C0A2  .mode    
     0000C0A3  .sys_time |    0000C0A3  _sys_time |    0000C0A5  .int_0x40
     0000C0B1  G$score_p |    0000C0B1  _score_po |    0000C0E5  _hUGE_cur
     0000C0E5  hUGE_curr |    0000C0E6  _hUGE_mut |    0000C12D  font_curr
     0000C130  font_firs |    0000C131  font_tabl |    0000C143  ___rand_s
     0000C145  .int_0x48
ASxxxx Linker V03.00 + NoICE + sdld,  page 47.
Hexadecimal  [32-Bits]

Area                       Addr        Size        Decimal Bytes (Attributes)
--------------------       ----        ----        ------- ----- ------------
_INITIALIZED           0000C14D    00000006 =           6. bytes (REL,CON)

        Value  Global            Value  Global            Value  Global    
        -----  ------            -----  ------            -----  ------    
     0000C14D  .curx     |    0000C14E  .cury     |    0000C14F  .fg_colou
     0000C14F  __current |    0000C150  .bg_colou |    0000C151  .draw_mod
     0000C152  __map_til
ASxxxx Linker V03.00 + NoICE + sdld,  page 48.
Hexadecimal  [32-Bits]

Area                       Addr        Size        Decimal Bytes (Attributes)
--------------------       ----        ----        ------- ----- ------------
_HRAM12                00000000    00000003 =           3. bytes (ABS,CON)

        Value  Global            Value  Global            Value  Global    
        -----  ------            -----  ------            -----  ------    
     0000FF90  __current |    0000FF92  __shadow_
ASxxxx Linker V03.00 + NoICE + sdld,  page 49.
Hexadecimal  [32-Bits]

Area                       Addr        Size        Decimal Bytes (Attributes)
--------------------       ----        ----        ------- ----- ------------
_FONT_HEADER0          00000000    00000003 =           3. bytes (ABS,CON)

        Value  Global            Value  Global            Value  Global    
        -----  ------            -----  ------            -----  ------    
ASxxxx Linker V03.00 + NoICE + sdld,  page 50.
Hexadecimal  [32-Bits]

Area                       Addr        Size        Decimal Bytes (Attributes)
--------------------       ----        ----        ------- ----- ------------
_HEADER_LCD0           00000000    00000003 =           3. bytes (ABS,CON)

        Value  Global            Value  Global            Value  Global    
        -----  ------            -----  ------            -----  ------    
ASxxxx Linker V03.00 + NoICE + sdld,  page 51.

Files Linked                              [ module(s) ]

C:\gbdk\lib/gb/crt0.o                     [ Runtime ]
BackgroundTileMap.o                       [ BackgroundTileMap ]
BackgroundTiles1.o                        [ BackgroundTiles1 ]
Sprite1.o                                 [ Sprite1 ]
main.o                                    [ main ]
dave_bgm.o                                [ dave_bgm ]
out\hUGEDriver.o                          [ hUGEDriver_obj ]


Libraries Linked                          [ object file ]

C:\gbdk\lib/gb/gb.lib                     [ font.o ]
C:\gbdk\lib/sm83/sm83.lib                 [ rand.o ]
C:\gbdk\lib/gb/gb.lib                     [ get_tile.o ]
C:\gbdk\lib/gb/gb.lib                     [ set_1bit_data.o ]
C:\gbdk\lib/gb/gb.lib                     [ sfr.o ]
C:\gbdk\lib/gb/gb.lib                     [ set_tile.o ]
C:\gbdk\lib/gb/gb.lib                     [ get_addr.o ]
C:\gbdk\lib/gb/gb.lib                     [ set_wi_t.o ]
C:\gbdk\lib/gb/gb.lib                     [ set_data.o ]
C:\gbdk\lib/gb/gb.lib                     [ pad.o ]
C:\gbdk\lib/sm83/sm83.lib                 [ memcpy.o ]
C:\gbdk\lib/gb/gb.lib                     [ color.o ]
C:\gbdk\lib/gb/gb.lib                     [ drawing_isr.o ]
C:\gbdk\lib/gb/gb.lib                     [ lcd.o ]
C:\gbdk\lib/gb/gb.lib                     [ f_ibm_sh.o ]
C:\gbdk\lib/gb/gb.lib                     [ f_min.o ]
C:\gbdk\lib/sm83/sm83.lib                 [ div.o ]
C:\gbdk\lib/gb/gb.lib                     [ set_bk_t.o ]
C:\gbdk\lib/gb/gb.lib                     [ set_xy_t.o ]

ASxxxx Linker V03.00 + NoICE + sdld,  page 52.

User Base Address Definitions

_DATA=0xC0A0
_CODE=0x0200
ASxxxx Linker V03.00 + NoICE + sdld,  page 53.

User Global Definitions

_shadow_OAM=0xC000
.STACK=0xE000
.refresh_OAM=0xFF80

